../Core/Src/main.c:81:5:main	320	static
../Core/Src/main.c:183:6:SystemClock_Config	64	static
../Core/Src/main.c:220:13:MX_I2C1_Init	8	static
../Core/Src/main.c:268:13:MX_SPI1_Init	8	static
../Core/Src/main.c:308:13:MX_TIM1_Init	104	static
../Core/Src/main.c:379:13:MX_USART2_UART_Init	8	static
../Core/Src/main.c:415:13:MX_GPIO_Init	48	static
../Core/Src/main.c:450:5:_write	24	static
../Core/Src/main.c:456:6:HAL_GPIO_EXTI_Callback	16	static
../Core/Src/main.c:464:5:read_i2c_value	32	static
../Core/Src/main.c:475:6:write_i2c_value	40	static
../Core/Src/main.c:488:6:Error_Handler	8	static,ignoring_inline_asm
