Archive member included to satisfy reference by file (symbol)

/Applications/ArmGNUToolchain/13.2.Rel1/arm-none-eabi/bin/../lib/gcc/arm-none-eabi/13.2.1/thumb/v6-m/nofp/libgcc.a(_udivsi3.o)
                              CMakeFiles/load_cell_controller.elf.dir/Core/Src/system_stm32c0xx.c.obj (__aeabi_uidiv)
/Applications/ArmGNUToolchain/13.2.Rel1/arm-none-eabi/bin/../lib/gcc/arm-none-eabi/13.2.1/thumb/v6-m/nofp/libgcc.a(_divsi3.o)
                              CMakeFiles/load_cell_controller.elf.dir/Drivers/STM32C0xx_HAL_Driver/Src/stm32c0xx_hal_uart_ex.c.obj (__aeabi_idiv)
/Applications/ArmGNUToolchain/13.2.Rel1/arm-none-eabi/bin/../lib/gcc/arm-none-eabi/13.2.1/thumb/v6-m/nofp/libgcc.a(_dvmd_tls.o)
                              /Applications/ArmGNUToolchain/13.2.Rel1/arm-none-eabi/bin/../lib/gcc/arm-none-eabi/13.2.1/thumb/v6-m/nofp/libgcc.a(_udivsi3.o) (__aeabi_idiv0)
/Applications/ArmGNUToolchain/13.2.Rel1/arm-none-eabi/bin/../lib/gcc/arm-none-eabi/13.2.1/../../../../arm-none-eabi/lib/thumb/v6-m/nofp/libg.a(libc_a-exit.o)
                              /Applications/ArmGNUToolchain/13.2.Rel1/arm-none-eabi/bin/../lib/gcc/arm-none-eabi/13.2.1/../../../../arm-none-eabi/lib/thumb/v6-m/nofp/crt0.o (exit)
/Applications/ArmGNUToolchain/13.2.Rel1/arm-none-eabi/bin/../lib/gcc/arm-none-eabi/13.2.1/../../../../arm-none-eabi/lib/thumb/v6-m/nofp/libg.a(libc_a-printf.o)
                              CMakeFiles/load_cell_controller.elf.dir/Core/Src/main.c.obj (printf)
/Applications/ArmGNUToolchain/13.2.Rel1/arm-none-eabi/bin/../lib/gcc/arm-none-eabi/13.2.1/../../../../arm-none-eabi/lib/thumb/v6-m/nofp/libg.a(libc_a-vfprintf.o)
                              /Applications/ArmGNUToolchain/13.2.Rel1/arm-none-eabi/bin/../lib/gcc/arm-none-eabi/13.2.1/../../../../arm-none-eabi/lib/thumb/v6-m/nofp/libg.a(libc_a-printf.o) (_vfprintf_r)
/Applications/ArmGNUToolchain/13.2.Rel1/arm-none-eabi/bin/../lib/gcc/arm-none-eabi/13.2.1/../../../../arm-none-eabi/lib/thumb/v6-m/nofp/libg.a(libc_a-vfiprintf.o)
                              /Applications/ArmGNUToolchain/13.2.Rel1/arm-none-eabi/bin/../lib/gcc/arm-none-eabi/13.2.1/../../../../arm-none-eabi/lib/thumb/v6-m/nofp/libg.a(libc_a-vfprintf.o) (__sprint_r)
/Applications/ArmGNUToolchain/13.2.Rel1/arm-none-eabi/bin/../lib/gcc/arm-none-eabi/13.2.1/../../../../arm-none-eabi/lib/thumb/v6-m/nofp/libg.a(libc_a-putchar.o)
                              CMakeFiles/load_cell_controller.elf.dir/Core/Src/main.c.obj (putchar)
/Applications/ArmGNUToolchain/13.2.Rel1/arm-none-eabi/bin/../lib/gcc/arm-none-eabi/13.2.1/../../../../arm-none-eabi/lib/thumb/v6-m/nofp/libg.a(libc_a-puts.o)
                              CMakeFiles/load_cell_controller.elf.dir/Core/Src/main.c.obj (puts)
/Applications/ArmGNUToolchain/13.2.Rel1/arm-none-eabi/bin/../lib/gcc/arm-none-eabi/13.2.1/../../../../arm-none-eabi/lib/thumb/v6-m/nofp/libg.a(libc_a-setbuf.o)
                              CMakeFiles/load_cell_controller.elf.dir/Core/Src/main.c.obj (setbuf)
/Applications/ArmGNUToolchain/13.2.Rel1/arm-none-eabi/bin/../lib/gcc/arm-none-eabi/13.2.1/../../../../arm-none-eabi/lib/thumb/v6-m/nofp/libg.a(libc_a-setvbuf.o)
                              /Applications/ArmGNUToolchain/13.2.Rel1/arm-none-eabi/bin/../lib/gcc/arm-none-eabi/13.2.1/../../../../arm-none-eabi/lib/thumb/v6-m/nofp/libg.a(libc_a-setbuf.o) (setvbuf)
/Applications/ArmGNUToolchain/13.2.Rel1/arm-none-eabi/bin/../lib/gcc/arm-none-eabi/13.2.1/../../../../arm-none-eabi/lib/thumb/v6-m/nofp/libg.a(libc_a-fflush.o)
                              /Applications/ArmGNUToolchain/13.2.Rel1/arm-none-eabi/bin/../lib/gcc/arm-none-eabi/13.2.1/../../../../arm-none-eabi/lib/thumb/v6-m/nofp/libg.a(libc_a-vfprintf.o) (_fflush_r)
/Applications/ArmGNUToolchain/13.2.Rel1/arm-none-eabi/bin/../lib/gcc/arm-none-eabi/13.2.1/../../../../arm-none-eabi/lib/thumb/v6-m/nofp/libg.a(libc_a-findfp.o)
                              /Applications/ArmGNUToolchain/13.2.Rel1/arm-none-eabi/bin/../lib/gcc/arm-none-eabi/13.2.1/../../../../arm-none-eabi/lib/thumb/v6-m/nofp/libg.a(libc_a-fflush.o) (__sglue)
/Applications/ArmGNUToolchain/13.2.Rel1/arm-none-eabi/bin/../lib/gcc/arm-none-eabi/13.2.1/../../../../arm-none-eabi/lib/thumb/v6-m/nofp/libg.a(libc_a-fvwrite.o)
                              /Applications/ArmGNUToolchain/13.2.Rel1/arm-none-eabi/bin/../lib/gcc/arm-none-eabi/13.2.1/../../../../arm-none-eabi/lib/thumb/v6-m/nofp/libg.a(libc_a-vfiprintf.o) (__sfvwrite_r)
/Applications/ArmGNUToolchain/13.2.Rel1/arm-none-eabi/bin/../lib/gcc/arm-none-eabi/13.2.1/../../../../arm-none-eabi/lib/thumb/v6-m/nofp/libg.a(libc_a-fwalk.o)
                              /Applications/ArmGNUToolchain/13.2.Rel1/arm-none-eabi/bin/../lib/gcc/arm-none-eabi/13.2.1/../../../../arm-none-eabi/lib/thumb/v6-m/nofp/libg.a(libc_a-fflush.o) (_fwalk_sglue)
/Applications/ArmGNUToolchain/13.2.Rel1/arm-none-eabi/bin/../lib/gcc/arm-none-eabi/13.2.1/../../../../arm-none-eabi/lib/thumb/v6-m/nofp/libg.a(libc_a-wsetup.o)
[...]
Memory Configuration

Name             Origin             Length             Attributes
RAM              0x20000000         0x00001800         xrw
FLASH            0x08000000         0x00008000         xr
*default*        0x00000000         0xffffffff

Linker script and memory map

LOAD /Applications/ArmGNUToolchain/13.2.Rel1/arm-none-eabi/bin/../lib/gcc/arm-none-eabi/13.2.1/thumb/v6-m/nofp/crti.o
LOAD /Applications/ArmGNUToolchain/13.2.Rel1/arm-none-eabi/bin/../lib/gcc/arm-none-eabi/13.2.1/thumb/v6-m/nofp/crtbegin.o
LOAD /Applications/ArmGNUToolchain/13.2.Rel1/arm-none-eabi/bin/../lib/gcc/arm-none-eabi/13.2.1/../../../../arm-none-eabi/lib/thumb/v6-m/nofp/crt0.o
LOAD CMakeFiles/load_cell_controller.elf.dir/Core/Src/MX25L.c.obj
LOAD CMakeFiles/load_cell_controller.elf.dir/Core/Src/main.c.obj
LOAD CMakeFiles/load_cell_controller.elf.dir/Core/Src/stm32c0xx_hal_msp.c.obj
LOAD CMakeFiles/load_cell_controller.elf.dir/Core/Src/stm32c0xx_it.c.obj
LOAD CMakeFiles/load_cell_controller.elf.dir/Core/Src/syscalls.c.obj
LOAD CMakeFiles/load_cell_controller.elf.dir/Core/Src/sysmem.c.obj
LOAD CMakeFiles/load_cell_controller.elf.dir/Core/Src/system_stm32c0xx.c.obj
LOAD CMakeFiles/load_cell_controller.elf.dir/Core/Startup/startup_stm32c011f6px.s.obj
LOAD CMakeFiles/load_cell_controller.elf.dir/Drivers/STM32C0xx_HAL_Driver/Src/stm32c0xx_hal.c.obj
LOAD CMakeFiles/load_cell_controller.elf.dir/Drivers/STM32C0xx_HAL_Driver/Src/stm32c0xx_hal_cortex.c.obj
LOAD CMakeFiles/load_cell_controller.elf.dir/Drivers/STM32C0xx_HAL_Driver/Src/stm32c0xx_hal_dma.c.obj
LOAD CMakeFiles/load_cell_controller.elf.dir/Drivers/STM32C0xx_HAL_Driver/Src/stm32c0xx_hal_dma_ex.c.obj
LOAD CMakeFiles/load_cell_controller.elf.dir/Drivers/STM32C0xx_HAL_Driver/Src/stm32c0xx_hal_exti.c.obj
LOAD CMakeFiles/load_cell_controller.elf.dir/Drivers/STM32C0xx_HAL_Driver/Src/stm32c0xx_hal_flash.c.obj
LOAD CMakeFiles/load_cell_controller.elf.dir/Drivers/STM32C0xx_HAL_Driver/Src/stm32c0xx_hal_flash_ex.c.obj
LOAD CMakeFiles/load_cell_controller.elf.dir/Drivers/STM32C0xx_HAL_Driver/Src/stm32c0xx_hal_gpio.c.obj
LOAD CMakeFiles/load_cell_controller.elf.dir/Drivers/STM32C0xx_HAL_Driver/Src/stm32c0xx_hal_i2c.c.obj
LOAD CMakeFiles/load_cell_controller.elf.dir/Drivers/STM32C0xx_HAL_Driver/Src/stm32c0xx_hal_i2c_ex.c.obj
LOAD CMakeFiles/load_cell_controller.elf.dir/Drivers/STM32C0xx_HAL_Driver/Src/stm32c0xx_hal_pwr.c.obj
LOAD CMakeFiles/load_cell_controller.elf.dir/Drivers/STM32C0xx_HAL_Driver/Src/stm32c0xx_hal_pwr_ex.c.obj
LOAD CMakeFiles/load_cell_controller.elf.dir/Drivers/STM32C0xx_HAL_Driver/Src/stm32c0xx_hal_rcc.c.obj
LOAD CMakeFiles/load_cell_controller.elf.dir/Drivers/STM32C0xx_HAL_Driver/Src/stm32c0xx_hal_rcc_ex.c.obj
LOAD CMakeFiles/load_cell_controller.elf.dir/Drivers/STM32C0xx_HAL_Driver/Src/stm32c0xx_hal_spi.c.obj
LOAD CMakeFiles/load_cell_controller.elf.dir/Drivers/STM32C0xx_HAL_Driver/Src/stm32c0xx_hal_spi_ex.c.obj
LOAD CMakeFiles/load_cell_controller.elf.dir/Drivers/STM32C0xx_HAL_Driver/Src/stm32c0xx_hal_tim.c.obj
LOAD CMakeFiles/load_cell_controller.elf.dir/Drivers/STM32C0xx_HAL_Driver/Src/stm32c0xx_hal_tim_ex.c.obj
LOAD CMakeFiles/load_cell_controller.elf.dir/Drivers/STM32C0xx_HAL_Driver/Src/stm32c0xx_hal_uart.c.obj
LOAD CMakeFiles/load_cell_controller.elf.dir/Drivers/STM32C0xx_HAL_Driver/Src/stm32c0xx_hal_uart_ex.c.obj
START GROUP
LOAD /Applications/ArmGNUToolchain/13.2.Rel1/arm-none-eabi/bin/../lib/gcc/arm-none-eabi/13.2.1/thumb/v6-m/nofp/libgcc.a
LOAD /Applications/ArmGNUToolchain/13.2.Rel1/arm-none-eabi/bin/../lib/gcc/arm-none-eabi/13.2.1/../../../../arm-none-eabi/lib/thumb/v6-m/nofp/libg.a
LOAD /Applications/ArmGNUToolchain/13.2.Rel1/arm-none-eabi/bin/../lib/gcc/arm-none-eabi/13.2.1/../../../../arm-none-eabi/lib/thumb/v6-m/nofp/libc.a
END GROUP
LOAD /Applications/ArmGNUToolchain/13.2.Rel1/arm-none-eabi/bin/../lib/gcc/arm-none-eabi/13.2.1/thumb/v6-m/nofp/crtend.o
LOAD /Applications/ArmGNUToolchain/13.2.Rel1/arm-none-eabi/bin/../lib/gcc/arm-none-eabi/13.2.1/thumb/v6-m/nofp/crtn.o
                0x20001800                        _estack = (ORIGIN (RAM) + LENGTH (RAM))
                0x00000200                        _Min_Heap_Size = 0x200
                0x00000400                        _Min_Stack_Size = 0x400

.isr_vector     0x08000000       0xc0
                0x08000000                        . = ALIGN (0x4)
 *(.isr_vector)
 .isr_vector    0x08000000       0xc0 CMakeFiles/load_cell_controller.elf.dir/Core/Startup/startup_stm32c011f6px.s.obj
                0x08000000                g_pfnVectors
                0x080000c0                        . = ALIGN (0x4)

.text           0x080000c0     0xbeb8
                0x080000c0                        . = ALIGN (0x4)
 *(.text)
 .text          0x080000c0      0x114 /Applications/ArmGNUToolchain/13.2.Rel1/arm-none-eabi/bin/../lib/gcc/arm-none-eabi/13.2.1/thumb/v6-m/nofp/libgcc.a(_udivsi3.o)
                0x080000c0                __udivsi3
                0x080000c0                __aeabi_uidiv
                0x080001cc                __aeabi_uidivmod
 .text          0x080001d4      0x1d4 /Applications/ArmGNUToolchain/13.2.Rel1/arm-none-eabi/bin/../lib/gcc/arm-none-eabi/13.2.1/thumb/v6-m/nofp/libgcc.a(_divsi3.o)
                0x080001d4                __aeabi_idiv
                0x080001d4                __divsi3
                0x080003a0                __aeabi_idivmod
 .text          0x080003a8        0x4 /Applications/ArmGNUToolchain/13.2.Rel1/arm-none-eabi/bin/../lib/gcc/arm-none-eabi/13.2.1/thumb/v6-m/nofp/libgcc.a(_dvmd_tls.o)
                0x080003a8                __aeabi_ldiv0
                0x080003a8                __aeabi_idiv0
 .text          0x080003ac       0x7c /Applications/ArmGNUToolchain/13.2.Rel1/arm-none-eabi/bin/../lib/gcc/arm-none-eabi/13.2.1/thumb/v6-m/nofp/libgcc.a(_arm_cmpdf2.o)
                0x080003ac                __aeabi_cdrcmple
                0x080003bc                __aeabi_cdcmple
                0x080003bc                __aeabi_cdcmpeq
                0x080003cc                __aeabi_dcmpeq
                0x080003d8                __aeabi_dcmplt
                0x080003ec                __aeabi_dcmple
                0x08000400                __aeabi_dcmpgt
                0x08000414                __aeabi_dcmpge
 .text          0x08000428       0x40 /Applications/ArmGNUToolchain/13.2.Rel1/arm-none-eabi/bin/../lib/gcc/arm-none-eabi/13.2.1/thumb/v6-m/nofp/libgcc.a(_aeabi_uldivmod.o)
                0x08000428                __aeabi_uldivmod
 .text          0x08000468       0x3c /Applications/ArmGNUToolchain/13.2.Rel1/arm-none-eabi/bin/../lib/gcc/arm-none-eabi/13.2.1/thumb/v6-m/nofp/libgcc.a(_clzsi2.o)
                0x08000468                __clzsi2
 .text          0x080004a4       0x18 /Applications/ArmGNUToolchain/13.2.Rel1/arm-none-eabi/bin/../lib/gcc/arm-none-eabi/13.2.1/thumb/v6-m/nofp/libgcc.a(_clzdi2.o)
                0x080004a4                __clzdi2
 *(.text*)
 .text.deregister_tm_clones
                0x080004bc       0x20 /Applications/ArmGNUToolchain/13.2.Rel1/arm-none-eabi/bin/../lib/gcc/arm-none-eabi/13.2.1/thumb/v6-m/nofp/crtbegin.o
 .text.register_tm_clones
                0x080004dc       0x28 /Applications/ArmGNUToolchain/13.2.Rel1/arm-none-eabi/bin/../lib/gcc/arm-none-eabi/13.2.1/thumb/v6-m/nofp/crtbegin.o
 .text.__do_global_dtors_aux
                0x08000504       0x2c /Applications/ArmGNUToolchain/13.2.Rel1/arm-none-eabi/bin/../lib/gcc/arm-none-eabi/13.2.1/thumb/v6-m/nofp/crtbegin.o
 .text.frame_dummy
                0x08000530       0x24 /Applications/ArmGNUToolchain/13.2.Rel1/arm-none-eabi/bin/../lib/gcc/arm-none-eabi/13.2.1/thumb/v6-m/nofp/crtbegin.o
 .text.SPI_Init
                0x08000554        0x2 CMakeFiles/load_cell_controller.elf.dir/Core/Src/MX25L.c.obj
                0x08000554                SPI_Init
 *fill*         0x08000556        0x2 
 .text.SPI_Transfer
                0x08000558       0x40 CMakeFiles/load_cell_controller.elf.dir/Core/Src/MX25L.c.obj
                0x08000558                SPI_Transfer
 .text.Get_Identification
                0x08000598       0x40 CMakeFiles/load_cell_controller.elf.dir/Core/Src/MX25L.c.obj
                0x08000598                Get_Identification
 .text.GetStatus
                0x080005d8       0x30 CMakeFiles/load_cell_controller.elf.dir/Core/Src/MX25L.c.obj
                0x080005d8                GetStatus
 .text.SetWriteEnable
                0x08000608       0x30 CMakeFiles/load_cell_controller.elf.dir/Core/Src/MX25L.c.obj
                0x08000608                SetWriteEnable
 .text.SetStatus
                0x08000638       0x34 CMakeFiles/load_cell_controller.elf.dir/Core/Src/MX25L.c.obj
                0x08000638                SetStatus
 .text.MX_GPIO_Init
                0x0800066c       0x70 CMakeFiles/load_cell_controller.elf.dir/Core/Src/main.c.obj
 .text._write   0x080006dc       0x18 CMakeFiles/load_cell_controller.elf.dir/Core/Src/main.c.obj
                0x080006dc                _write
 .text.write_i2c_value
                0x080006f4       0x30 CMakeFiles/load_cell_controller.elf.dir/Core/Src/main.c.obj
                0x080006f4                write_i2c_value
 .text.Error_Handler
                0x08000724        0x4 CMakeFiles/load_cell_controller.elf.dir/Core/Src/main.c.obj
                0x08000724                Error_Handler
 .text.MX_I2C1_Init
                0x08000728       0x58 CMakeFiles/load_cell_controller.elf.dir/Core/Src/main.c.obj
 .text.MX_SPI1_Init
                0x08000780       0x50 CMakeFiles/load_cell_controller.elf.dir/Core/Src/main.c.obj
 .text.MX_TIM1_Init
                0x080007d0       0xcc CMakeFiles/load_cell_controller.elf.dir/Core/Src/main.c.obj
 .text.MX_USART2_UART_Init
                0x0800089c       0x3c CMakeFiles/load_cell_controller.elf.dir/Core/Src/main.c.obj
 .text.SystemClock_Config
                0x080008d8       0x5a CMakeFiles/load_cell_controller.elf.dir/Core/Src/main.c.obj
                0x080008d8                SystemClock_Config
 *fill*         0x08000932        0x2 
 .text.main     0x08000934       0xec CMakeFiles/load_cell_controller.elf.dir/Core/Src/main.c.obj
                0x08000934                main
 .text.HAL_MspInit
                0x08000a20       0x30 CMakeFiles/load_cell_controller.elf.dir/Core/Src/stm32c0xx_hal_msp.c.obj
                0x08000a20                HAL_MspInit
 .text.HAL_I2C_MspInit
                0x08000a50       0x88 CMakeFiles/load_cell_controller.elf.dir/Core/Src/stm32c0xx_hal_msp.c.obj
                0x08000a50                HAL_I2C_MspInit
 .text.HAL_SPI_MspInit
                0x08000ad8       0x84 CMakeFiles/load_cell_controller.elf.dir/Core/Src/stm32c0xx_hal_msp.c.obj
                0x08000ad8                HAL_SPI_MspInit
 .text.HAL_TIM_PWM_MspInit
                0x08000b5c       0x2c CMakeFiles/load_cell_controller.elf.dir/Core/Src/stm32c0xx_hal_msp.c.obj
                0x08000b5c                HAL_TIM_PWM_MspInit
 .text.HAL_TIM_MspPostInit
                0x08000b88       0x50 CMakeFiles/load_cell_controller.elf.dir/Core/Src/stm32c0xx_hal_msp.c.obj
                0x08000b88                HAL_TIM_MspPostInit
 .text.HAL_UART_MspInit
                0x08000bd8       0x60 CMakeFiles/load_cell_controller.elf.dir/Core/Src/stm32c0xx_hal_msp.c.obj
                0x08000bd8                HAL_UART_MspInit
 .text.NMI_Handler
                0x08000c38        0x2 CMakeFiles/load_cell_controller.elf.dir/Core/Src/stm32c0xx_it.c.obj
                0x08000c38                NMI_Handler
 .text.HardFault_Handler
                0x08000c3a        0x2 CMakeFiles/load_cell_controller.elf.dir/Core/Src/stm32c0xx_it.c.obj
                0x08000c3a                HardFault_Handler
 .text.SVC_Handler
                0x08000c3c        0x2 CMakeFiles/load_cell_controller.elf.dir/Core/Src/stm32c0xx_it.c.obj
                0x08000c3c                SVC_Handler
 .text.PendSV_Handler
                0x08000c3e        0x2 CMakeFiles/load_cell_controller.elf.dir/Core/Src/stm32c0xx_it.c.obj
                0x08000c3e                PendSV_Handler
 .text.SysTick_Handler
                0x08000c40        0x8 CMakeFiles/load_cell_controller.elf.dir/Core/Src/stm32c0xx_it.c.obj
                0x08000c40                SysTick_Handler
 .text._getpid  0x08000c48        0x4 CMakeFiles/load_cell_controller.elf.dir/Core/Src/syscalls.c.obj
                0x08000c48                _getpid
 .text._kill    0x08000c4c       0x10 CMakeFiles/load_cell_controller.elf.dir/Core/Src/syscalls.c.obj
                0x08000c4c                _kill
 .text._exit    0x08000c5c        0xc CMakeFiles/load_cell_controller.elf.dir/Core/Src/syscalls.c.obj
                0x08000c5c                _exit
 .text._read    0x08000c68       0x1c CMakeFiles/load_cell_controller.elf.dir/Core/Src/syscalls.c.obj
                0x08000c68                _read
 .text._close   0x08000c84        0x6 CMakeFiles/load_cell_controller.elf.dir/Core/Src/syscalls.c.obj
                0x08000c84                _close
 .text._fstat   0x08000c8a        0xa CMakeFiles/load_cell_controller.elf.dir/Core/Src/syscalls.c.obj
                0x08000c8a                _fstat
 .text._isatty  0x08000c94        0x4 CMakeFiles/load_cell_controller.elf.dir/Core/Src/syscalls.c.obj
                0x08000c94                _isatty
 .text._lseek   0x08000c98        0x4 CMakeFiles/load_cell_controller.elf.dir/Core/Src/syscalls.c.obj
                0x08000c98                _lseek
 .text._sbrk    0x08000c9c       0x48 CMakeFiles/load_cell_controller.elf.dir/Core/Src/sysmem.c.obj
                0x08000c9c                _sbrk
 .text.SystemInit
                0x08000ce4       0x10 CMakeFiles/load_cell_controller.elf.dir/Core/Src/system_stm32c0xx.c.obj
                0x08000ce4                SystemInit
 .text.Reset_Handler
                0x08000cf4       0x50 CMakeFiles/load_cell_controller.elf.dir/Core/Startup/startup_stm32c011f6px.s.obj
                0x08000cf4                Reset_Handler
 .text.Default_Handler
                0x08000d44        0x2 CMakeFiles/load_cell_controller.elf.dir/Core/Startup/startup_stm32c011f6px.s.obj
                0x08000d44                TIM1_BRK_UP_TRG_COM_IRQHandler
                0x08000d44                I2C1_IRQHandler
                0x08000d44                DMAMUX1_IRQHandler
                0x08000d44                SPI1_IRQHandler
                0x08000d44                EXTI2_3_IRQHandler
                0x08000d44                ADC1_IRQHandler
                0x08000d44                TIM17_IRQHandler
                0x08000d44                RTC_IRQHandler
                0x08000d44                TIM16_IRQHandler
                0x08000d44                TIM3_IRQHandler
                0x08000d44                EXTI4_15_IRQHandler
                0x08000d44                RCC_IRQHandler
                0x08000d44                DMA1_Channel1_IRQHandler
                0x08000d44                Default_Handler
                0x08000d44                TIM14_IRQHandler
                0x08000d44                EXTI0_1_IRQHandler
                0x08000d44                WWDG_IRQHandler
                0x08000d44                DMA1_Channel2_3_IRQHandler
                0x08000d44                USART2_IRQHandler
                0x08000d44                FLASH_IRQHandler
                0x08000d44                USART1_IRQHandler
                0x08000d44                TIM1_CC_IRQHandler
 *fill*         0x08000d46        0x2 
 .text.HAL_InitTick
                0x08000d48       0x58 CMakeFiles/load_cell_controller.elf.dir/Drivers/STM32C0xx_HAL_Driver/Src/stm32c0xx_hal.c.obj
                0x08000d48                HAL_InitTick
 .text.HAL_Init
                0x08000da0       0x18 CMakeFiles/load_cell_controller.elf.dir/Drivers/STM32C0xx_HAL_Driver/Src/stm32c0xx_hal.c.obj
                0x08000da0                HAL_Init
 .text.HAL_IncTick
                0x08000db8       0x18 CMakeFiles/load_cell_controller.elf.dir/Drivers/STM32C0xx_HAL_Driver/Src/stm32c0xx_hal.c.obj
                0x08000db8                HAL_IncTick
 .text.HAL_GetTick
                0x08000dd0        0xc CMakeFiles/load_cell_controller.elf.dir/Drivers/STM32C0xx_HAL_Driver/Src/stm32c0xx_hal.c.obj
                0x08000dd0                HAL_GetTick
 .text.__NVIC_SetPriority
                0x08000ddc       0x60 CMakeFiles/load_cell_controller.elf.dir/Drivers/STM32C0xx_HAL_Driver/Src/stm32c0xx_hal_cortex.c.obj
 .text.SysTick_Config
                0x08000e3c       0x38 CMakeFiles/load_cell_controller.elf.dir/Drivers/STM32C0xx_HAL_Driver/Src/stm32c0xx_hal_cortex.c.obj
 .text.HAL_NVIC_SetPriority
                0x08000e74        0x8 CMakeFiles/load_cell_controller.elf.dir/Drivers/STM32C0xx_HAL_Driver/Src/stm32c0xx_hal_cortex.c.obj
                0x08000e74                HAL_NVIC_SetPriority
 .text.HAL_SYSTICK_Config
                0x08000e7c        0x8 CMakeFiles/load_cell_controller.elf.dir/Drivers/STM32C0xx_HAL_Driver/Src/stm32c0xx_hal_cortex.c.obj
                0x08000e7c                HAL_SYSTICK_Config
 .text.HAL_GPIO_Init
                0x08000e84      0x1b0 CMakeFiles/load_cell_controller.elf.dir/Drivers/STM32C0xx_HAL_Driver/Src/stm32c0xx_hal_gpio.c.obj
                0x08000e84                HAL_GPIO_Init
 .text.HAL_GPIO_WritePin
                0x08001034        0xc CMakeFiles/load_cell_controller.elf.dir/Drivers/STM32C0xx_HAL_Driver/Src/stm32c0xx_hal_gpio.c.obj
                0x08001034                HAL_GPIO_WritePin
 .text.I2C_Flush_TXDR
                0x08001040       0x1e CMakeFiles/load_cell_controller.elf.dir/Drivers/STM32C0xx_HAL_Driver/Src/stm32c0xx_hal_i2c.c.obj
 *fill*         0x0800105e        0x2 
 .text.I2C_TransferConfig
                0x08001060       0x34 CMakeFiles/load_cell_controller.elf.dir/Drivers/STM32C0xx_HAL_Driver/Src/stm32c0xx_hal_i2c.c.obj
 .text.I2C_IsErrorOccurred
                0x08001094      0x118 CMakeFiles/load_cell_controller.elf.dir/Drivers/STM32C0xx_HAL_Driver/Src/stm32c0xx_hal_i2c.c.obj
 .text.I2C_WaitOnTXISFlagUntilTimeout
                0x080011ac       0x5a CMakeFiles/load_cell_controller.elf.dir/Drivers/STM32C0xx_HAL_Driver/Src/stm32c0xx_hal_i2c.c.obj
 .text.I2C_WaitOnFlagUntilTimeout
                0x08001206       0x8a CMakeFiles/load_cell_controller.elf.dir/Drivers/STM32C0xx_HAL_Driver/Src/stm32c0xx_hal_i2c.c.obj
 .text.I2C_WaitOnSTOPFlagUntilTimeout
                0x08001290       0x5a CMakeFiles/load_cell_controller.elf.dir/Drivers/STM32C0xx_HAL_Driver/Src/stm32c0xx_hal_i2c.c.obj
 *fill*         0x080012ea        0x2 
 .text.HAL_I2C_Init
                0x080012ec       0xdc CMakeFiles/load_cell_controller.elf.dir/Drivers/STM32C0xx_HAL_Driver/Src/stm32c0xx_hal_i2c.c.obj
                0x080012ec                HAL_I2C_Init
 .text.HAL_I2C_Master_Transmit
                0x080013c8      0x198 CMakeFiles/load_cell_controller.elf.dir/Drivers/STM32C0xx_HAL_Driver/Src/stm32c0xx_hal_i2c.c.obj
                0x080013c8                HAL_I2C_Master_Transmit
 .text.HAL_I2C_IsDeviceReady
                0x08001560      0x15c CMakeFiles/load_cell_controller.elf.dir/Drivers/STM32C0xx_HAL_Driver/Src/stm32c0xx_hal_i2c.c.obj
                0x08001560                HAL_I2C_IsDeviceReady
 .text.HAL_I2CEx_ConfigAnalogFilter
                0x080016bc       0x58 CMakeFiles/load_cell_controller.elf.dir/Drivers/STM32C0xx_HAL_Driver/Src/stm32c0xx_hal_i2c_ex.c.obj
                0x080016bc                HAL_I2CEx_ConfigAnalogFilter
 .text.HAL_I2CEx_ConfigDigitalFilter
                0x08001714       0x54 CMakeFiles/load_cell_controller.elf.dir/Drivers/STM32C0xx_HAL_Driver/Src/stm32c0xx_hal_i2c_ex.c.obj
                0x08001714                HAL_I2CEx_ConfigDigitalFilter
 .text.HAL_RCC_OscConfig
                0x08001768      0x2bc CMakeFiles/load_cell_controller.elf.dir/Drivers/STM32C0xx_HAL_Driver/Src/stm32c0xx_hal_rcc.c.obj
                0x08001768                HAL_RCC_OscConfig
 .text.HAL_RCC_GetSysClockFreq
                0x08001a24       0x70 CMakeFiles/load_cell_controller.elf.dir/Drivers/STM32C0xx_HAL_Driver/Src/stm32c0xx_hal_rcc.c.obj
                0x08001a24                HAL_RCC_GetSysClockFreq
 .text.HAL_RCC_ClockConfig
                0x08001a94      0x190 CMakeFiles/load_cell_controller.elf.dir/Drivers/STM32C0xx_HAL_Driver/Src/stm32c0xx_hal_rcc.c.obj
                0x08001a94                HAL_RCC_ClockConfig
 .text.HAL_RCC_GetHCLKFreq
                0x08001c24       0x30 CMakeFiles/load_cell_controller.elf.dir/Drivers/STM32C0xx_HAL_Driver/Src/stm32c0xx_hal_rcc.c.obj
                0x08001c24                HAL_RCC_GetHCLKFreq
 .text.HAL_RCC_GetPCLK1Freq
                0x08001c54       0x28 CMakeFiles/load_cell_controller.elf.dir/Drivers/STM32C0xx_HAL_Driver/Src/stm32c0xx_hal_rcc.c.obj
                0x08001c54                HAL_RCC_GetPCLK1Freq
 .text.HAL_RCCEx_PeriphCLKConfig
                0x08001c7c      0x130 CMakeFiles/load_cell_controller.elf.dir/Drivers/STM32C0xx_HAL_Driver/Src/stm32c0xx_hal_rcc_ex.c.obj
                0x08001c7c                HAL_RCCEx_PeriphCLKConfig
 .text.SPI_WaitFlagStateUntilTimeout
                0x08001dac       0xe0 CMakeFiles/load_cell_controller.elf.dir/Drivers/STM32C0xx_HAL_Driver/Src/stm32c0xx_hal_spi.c.obj
 .text.SPI_WaitFifoStateUntilTimeout
                0x08001e8c      0x10c CMakeFiles/load_cell_controller.elf.dir/Drivers/STM32C0xx_HAL_Driver/Src/stm32c0xx_hal_spi.c.obj
 .text.SPI_EndRxTxTransaction
                0x08001f98       0x68 CMakeFiles/load_cell_controller.elf.dir/Drivers/STM32C0xx_HAL_Driver/Src/stm32c0xx_hal_spi.c.obj
 .text.SPI_EndRxTransaction
                0x08002000       0x90 CMakeFiles/load_cell_controller.elf.dir/Drivers/STM32C0xx_HAL_Driver/Src/stm32c0xx_hal_spi.c.obj
 .text.HAL_SPI_Init
                0x08002090      0x104 CMakeFiles/load_cell_controller.elf.dir/Drivers/STM32C0xx_HAL_Driver/Src/stm32c0xx_hal_spi.c.obj
                0x08002090                HAL_SPI_Init
 .text.HAL_SPI_Transmit
                0x08002194      0x206 CMakeFiles/load_cell_controller.elf.dir/Drivers/STM32C0xx_HAL_Driver/Src/stm32c0xx_hal_spi.c.obj
                0x08002194                HAL_SPI_Transmit
 *fill*         0x0800239a        0x2 
 .text.HAL_SPI_TransmitReceive
                0x0800239c      0x2fc CMakeFiles/load_cell_controller.elf.dir/Drivers/STM32C0xx_HAL_Driver/Src/stm32c0xx_hal_spi.c.obj
                0x0800239c                HAL_SPI_TransmitReceive
 .text.HAL_SPI_Receive
                0x08002698      0x1c4 CMakeFiles/load_cell_controller.elf.dir/Drivers/STM32C0xx_HAL_Driver/Src/stm32c0xx_hal_spi.c.obj
                0x08002698                HAL_SPI_Receive
 .text.TIM_OC1_SetConfig
                0x0800285c       0x80 CMakeFiles/load_cell_controller.elf.dir/Drivers/STM32C0xx_HAL_Driver/Src/stm32c0xx_hal_tim.c.obj
 .text.TIM_OC3_SetConfig
                0x080028dc       0x84 CMakeFiles/load_cell_controller.elf.dir/Drivers/STM32C0xx_HAL_Driver/Src/stm32c0xx_hal_tim.c.obj
 .text.TIM_OC4_SetConfig
                0x08002960       0x68 CMakeFiles/load_cell_controller.elf.dir/Drivers/STM32C0xx_HAL_Driver/Src/stm32c0xx_hal_tim.c.obj
 .text.TIM_OC5_SetConfig
                0x080029c8       0x64 CMakeFiles/load_cell_controller.elf.dir/Drivers/STM32C0xx_HAL_Driver/Src/stm32c0xx_hal_tim.c.obj
 .text.TIM_OC6_SetConfig
                0x08002a2c       0x68 CMakeFiles/load_cell_controller.elf.dir/Drivers/STM32C0xx_HAL_Driver/Src/stm32c0xx_hal_tim.c.obj
 .text.TIM_Base_SetConfig
                0x08002a94       0x90 CMakeFiles/load_cell_controller.elf.dir/Drivers/STM32C0xx_HAL_Driver/Src/stm32c0xx_hal_tim.c.obj
                0x08002a94                TIM_Base_SetConfig
 .text.HAL_TIM_PWM_Init
                0x08002b24       0x60 CMakeFiles/load_cell_controller.elf.dir/Drivers/STM32C0xx_HAL_Driver/Src/stm32c0xx_hal_tim.c.obj
                0x08002b24                HAL_TIM_PWM_Init
 .text.TIM_OC2_SetConfig
                0x08002b84       0x78 CMakeFiles/load_cell_controller.elf.dir/Drivers/STM32C0xx_HAL_Driver/Src/stm32c0xx_hal_tim.c.obj
                0x08002b84                TIM_OC2_SetConfig
 .text.HAL_TIM_PWM_ConfigChannel
                0x08002bfc      0x144 CMakeFiles/load_cell_controller.elf.dir/Drivers/STM32C0xx_HAL_Driver/Src/stm32c0xx_hal_tim.c.obj
                0x08002bfc                HAL_TIM_PWM_ConfigChannel
 .text.HAL_TIMEx_MasterConfigSynchronization
                0x08002d40       0x70 CMakeFiles/load_cell_controller.elf.dir/Drivers/STM32C0xx_HAL_Driver/Src/stm32c0xx_hal_tim_ex.c.obj
                0x08002d40                HAL_TIMEx_MasterConfigSynchronization
 .text.HAL_TIMEx_ConfigBreakDeadTime
                0x08002db0       0xc4 CMakeFiles/load_cell_controller.elf.dir/Drivers/STM32C0xx_HAL_Driver/Src/stm32c0xx_hal_tim_ex.c.obj
                0x08002db0                HAL_TIMEx_ConfigBreakDeadTime
 .text.UART_EndRxTransfer
                0x08002e74       0x64 CMakeFiles/load_cell_controller.elf.dir/Drivers/STM32C0xx_HAL_Driver/Src/stm32c0xx_hal_uart.c.obj
 .text.UART_SetConfig
                0x08002ed8      0x1c4 CMakeFiles/load_cell_controller.elf.dir/Drivers/STM32C0xx_HAL_Driver/Src/stm32c0xx_hal_uart.c.obj
                0x08002ed8                UART_SetConfig
 .text.UART_AdvFeatureConfig
                0x0800309c       0xe0 CMakeFiles/load_cell_controller.elf.dir/Drivers/STM32C0xx_HAL_Driver/Src/stm32c0xx_hal_uart.c.obj
                0x0800309c                UART_AdvFeatureConfig
 .text.UART_WaitOnFlagUntilTimeout
                0x0800317c       0x9e CMakeFiles/load_cell_controller.elf.dir/Drivers/STM32C0xx_HAL_Driver/Src/stm32c0xx_hal_uart.c.obj
                0x0800317c                UART_WaitOnFlagUntilTimeout
 .text.HAL_UART_Transmit
                0x0800321a       0xfc CMakeFiles/load_cell_controller.elf.dir/Drivers/STM32C0xx_HAL_Driver/Src/stm32c0xx_hal_uart.c.obj
                0x0800321a                HAL_UART_Transmit
 *fill*         0x08003316        0x2 
 .text.UART_CheckIdleState
                0x08003318       0xd4 CMakeFiles/load_cell_controller.elf.dir/Drivers/STM32C0xx_HAL_Driver/Src/stm32c0xx_hal_uart.c.obj
                0x08003318                UART_CheckIdleState
 .text.HAL_UART_Init
                0x080033ec       0x70 CMakeFiles/load_cell_controller.elf.dir/Drivers/STM32C0xx_HAL_Driver/Src/stm32c0xx_hal_uart.c.obj
                0x080033ec                HAL_UART_Init
 .text.printf   0x0800345c       0x24 /Applications/ArmGNUToolchain/13.2.Rel1/arm-none-eabi/bin/../lib/gcc/arm-none-eabi/13.2.1/../../../../arm-none-eabi/lib/thumb/v6-m/nofp/libg.a(libc_a-printf.o)
                0x0800345c                printf
 .text._vfprintf_r
                0x08003480     0x1d50 /Applications/ArmGNUToolchain/13.2.Rel1/arm-none-eabi/bin/../lib/gcc/arm-none-eabi/13.2.1/../../../../arm-none-eabi/lib/thumb/v6-m/nofp/libg.a(libc_a-vfprintf.o)
                0x08003480                _vfprintf_r
 .text.__sbprintf
                0x080051d0       0x8c /Applications/ArmGNUToolchain/13.2.Rel1/arm-none-eabi/bin/../lib/gcc/arm-none-eabi/13.2.1/../../../../arm-none-eabi/lib/thumb/v6-m/nofp/libg.a(libc_a-vfprintf.o)
 .text.__sprint_r.part.0
                0x0800525c       0x88 /Applications/ArmGNUToolchain/13.2.Rel1/arm-none-eabi/bin/../lib/gcc/arm-none-eabi/13.2.1/../../../../arm-none-eabi/lib/thumb/v6-m/nofp/libg.a(libc_a-vfiprintf.o)
 .text.__sprint_r
                0x080052e4       0x14 /Applications/ArmGNUToolchain/13.2.Rel1/arm-none-eabi/bin/../lib/gcc/arm-none-eabi/13.2.1/../../../../arm-none-eabi/lib/thumb/v6-m/nofp/libg.a(libc_a-vfiprintf.o)
                0x080052e4                __sprint_r
 .text._vfiprintf_r
                0x080052f8      0xf34 /Applications/ArmGNUToolchain/13.2.Rel1/arm-none-eabi/bin/../lib/gcc/arm-none-eabi/13.2.1/../../../../arm-none-eabi/lib/thumb/v6-m/nofp/libg.a(libc_a-vfiprintf.o)
                0x080052f8                _vfiprintf_r
 .text.__sbprintf
                0x0800622c       0x8c /Applications/ArmGNUToolchain/13.2.Rel1/arm-none-eabi/bin/../lib/gcc/arm-none-eabi/13.2.1/../../../../arm-none-eabi/lib/thumb/v6-m/nofp/libg.a(libc_a-vfiprintf.o)
 .text.putchar  0x080062b8       0x14 /Applications/ArmGNUToolchain/13.2.Rel1/arm-none-eabi/bin/../lib/gcc/arm-none-eabi/13.2.1/../../../../arm-none-eabi/lib/thumb/v6-m/nofp/libg.a(libc_a-putchar.o)
                0x080062b8                putchar
 .text._puts_r  0x080062cc       0x9c /Applications/ArmGNUToolchain/13.2.Rel1/arm-none-eabi/bin/../lib/gcc/arm-none-eabi/13.2.1/../../../../arm-none-eabi/lib/thumb/v6-m/nofp/libg.a(libc_a-puts.o)
                0x080062cc                _puts_r
 .text.puts     0x08006368       0x14 /Applications/ArmGNUToolchain/13.2.Rel1/arm-none-eabi/bin/../lib/gcc/arm-none-eabi/13.2.1/../../../../arm-none-eabi/lib/thumb/v6-m/nofp/libg.a(libc_a-puts.o)
                0x08006368                puts
 .text.setbuf   0x0800637c       0x14 /Applications/ArmGNUToolchain/13.2.Rel1/arm-none-eabi/bin/../lib/gcc/arm-none-eabi/13.2.1/../../../../arm-none-eabi/lib/thumb/v6-m/nofp/libg.a(libc_a-setbuf.o)
                0x0800637c                setbuf
 .text.setvbuf  0x08006390      0x1a0 /Applications/ArmGNUToolchain/13.2.Rel1/arm-none-eabi/bin/../lib/gcc/arm-none-eabi/13.2.1/../../../../arm-none-eabi/lib/thumb/v6-m/nofp/libg.a(libc_a-setvbuf.o)
                0x08006390                setvbuf
 .text.__sflush_r
                0x08006530      0x148 /Applications/ArmGNUToolchain/13.2.Rel1/arm-none-eabi/bin/../lib/gcc/arm-none-eabi/13.2.1/../../../../arm-none-eabi/lib/thumb/v6-m/nofp/libg.a(libc_a-fflush.o)
                0x08006530                __sflush_r
 .text._fflush_r
                0x08006678       0x68 /Applications/ArmGNUToolchain/13.2.Rel1/arm-none-eabi/bin/../lib/gcc/arm-none-eabi/13.2.1/../../../../arm-none-eabi/lib/thumb/v6-m/nofp/libg.a(libc_a-fflush.o)
                0x08006678                _fflush_r
 .text.stdio_exit_handler
                0x080066e0       0x1c /Applications/ArmGNUToolchain/13.2.Rel1/arm-none-eabi/bin/../lib/gcc/arm-none-eabi/13.2.1/../../../../arm-none-eabi/lib/thumb/v6-m/nofp/libg.a(libc_a-findfp.o)
 .text.cleanup_stdio
                0x080066fc       0x3c /Applications/ArmGNUToolchain/13.2.Rel1/arm-none-eabi/bin/../lib/gcc/arm-none-eabi/13.2.1/../../../../arm-none-eabi/lib/thumb/v6-m/nofp/libg.a(libc_a-findfp.o)
 .text.global_stdio_init.part.0
                0x08006738      0x118 /Applications/ArmGNUToolchain/13.2.Rel1/arm-none-eabi/bin/../lib/gcc/arm-none-eabi/13.2.1/../../../../arm-none-eabi/lib/thumb/v6-m/nofp/libg.a(libc_a-findfp.o)
 .text.__sinit  0x08006850       0x38 /Applications/ArmGNUToolchain/13.2.Rel1/arm-none-eabi/bin/../lib/gcc/arm-none-eabi/13.2.1/../../../../arm-none-eabi/lib/thumb/v6-m/nofp/libg.a(libc_a-findfp.o)
                0x08006850                __sinit
 .text.__sfp_lock_acquire
                0x08006888       0x10 /Applications/ArmGNUToolchain/13.2.Rel1/arm-none-eabi/bin/../lib/gcc/arm-none-eabi/13.2.1/../../../../arm-none-eabi/lib/thumb/v6-m/nofp/libg.a(libc_a-findfp.o)
                0x08006888                __sfp_lock_acquire
 .text.__sfp_lock_release
                0x08006898       0x10 /Applications/ArmGNUToolchain/13.2.Rel1/arm-none-eabi/bin/../lib/gcc/arm-none-eabi/13.2.1/../../../../arm-none-eabi/lib/thumb/v6-m/nofp/libg.a(libc_a-findfp.o)
                0x08006898                __sfp_lock_release
 .text.__sfvwrite_r
                0x080068a8      0x310 /Applications/ArmGNUToolchain/13.2.Rel1/arm-none-eabi/bin/../lib/gcc/arm-none-eabi/13.2.1/../../../../arm-none-eabi/lib/thumb/v6-m/nofp/libg.a(libc_a-fvwrite.o)
                0x080068a8                __sfvwrite_r
 .text._fwalk_sglue
                0x08006bb8       0x44 /Applications/ArmGNUToolchain/13.2.Rel1/arm-none-eabi/bin/../lib/gcc/arm-none-eabi/13.2.1/../../../../arm-none-eabi/lib/thumb/v6-m/nofp/libg.a(libc_a-fwalk.o)
                0x08006bb8                _fwalk_sglue
 .text.__swsetup_r
                0x08006bfc       0xcc /Applications/ArmGNUToolchain/13.2.Rel1/arm-none-eabi/bin/../lib/gcc/arm-none-eabi/13.2.1/../../../../arm-none-eabi/lib/thumb/v6-m/nofp/libg.a(libc_a-wsetup.o)
                0x08006bfc                __swsetup_r
 .text.__fputwc
                0x08006cc8       0x78 /Applications/ArmGNUToolchain/13.2.Rel1/arm-none-eabi/bin/../lib/gcc/arm-none-eabi/13.2.1/../../../../arm-none-eabi/lib/thumb/v6-m/nofp/libg.a(libc_a-fputwc.o)
                0x08006cc8                __fputwc
 .text._fputwc_r
                0x08006d40       0x58 /Applications/ArmGNUToolchain/13.2.Rel1/arm-none-eabi/bin/../lib/gcc/arm-none-eabi/13.2.1/../../../../arm-none-eabi/lib/thumb/v6-m/nofp/libg.a(libc_a-fputwc.o)
                0x08006d40                _fputwc_r
 .text.memmove  0x08006d98       0xb0 /Applications/ArmGNUToolchain/13.2.Rel1/arm-none-eabi/bin/../lib/gcc/arm-none-eabi/13.2.1/../../../../arm-none-eabi/lib/thumb/v6-m/nofp/libg.a(libc_a-memmove.o)
                0x08006d98                memmove
 .text.memset   0x08006e48       0xa8 /Applications/ArmGNUToolchain/13.2.Rel1/arm-none-eabi/bin/../lib/gcc/arm-none-eabi/13.2.1/../../../../arm-none-eabi/lib/thumb/v6-m/nofp/libg.a(libc_a-memset.o)
                0x08006e48                memset
 .text.strncpy  0x08006ef0       0x60 /Applications/ArmGNUToolchain/13.2.Rel1/arm-none-eabi/bin/../lib/gcc/arm-none-eabi/13.2.1/../../../../arm-none-eabi/lib/thumb/v6-m/nofp/libg.a(libc_a-strncpy.o)
                0x08006ef0                strncpy
 .text.__locale_mb_cur_max
                0x08006f50       0x10 /Applications/ArmGNUToolchain/13.2.Rel1/arm-none-eabi/bin/../lib/gcc/arm-none-eabi/13.2.1/../../../../arm-none-eabi/lib/thumb/v6-m/nofp/libg.a(libc_a-locale.o)
                0x08006f50                __locale_mb_cur_max
 .text._localeconv_r
                0x08006f60        0x8 /Applications/ArmGNUToolchain/13.2.Rel1/arm-none-eabi/bin/../lib/gcc/arm-none-eabi/13.2.1/../../../../arm-none-eabi/lib/thumb/v6-m/nofp/libg.a(libc_a-localeconv.o)
                0x08006f60                _localeconv_r
 .text.__errno  0x08006f68        0xc /Applications/ArmGNUToolchain/13.2.Rel1/arm-none-eabi/bin/../lib/gcc/arm-none-eabi/13.2.1/../../../../arm-none-eabi/lib/thumb/v6-m/nofp/libg.a(libc_a-errno.o)
                0x08006f68                __errno
 .text.__libc_init_array
                0x08006f74       0x48 /Applications/ArmGNUToolchain/13.2.Rel1/arm-none-eabi/bin/../lib/gcc/arm-none-eabi/13.2.1/../../../../arm-none-eabi/lib/thumb/v6-m/nofp/libg.a(libc_a-init.o)
                0x08006f74                __libc_init_array
 .text.__retarget_lock_init_recursive
                0x08006fbc        0x4 /Applications/ArmGNUToolchain/13.2.Rel1/arm-none-eabi/bin/../lib/gcc/arm-none-eabi/13.2.1/../../../../arm-none-eabi/lib/thumb/v6-m/nofp/libg.a(libc_a-lock.o)
                0x08006fbc                __retarget_lock_init_recursive
 .text.__retarget_lock_close_recursive
                0x08006fc0        0x4 /Applications/ArmGNUToolchain/13.2.Rel1/arm-none-eabi/bin/../lib/gcc/arm-none-eabi/13.2.1/../../../../arm-none-eabi/lib/thumb/v6-m/nofp/libg.a(libc_a-lock.o)
                0x08006fc0                __retarget_lock_close_recursive
 .text.__retarget_lock_acquire_recursive
                0x08006fc4        0x4 /Applications/ArmGNUToolchain/13.2.Rel1/arm-none-eabi/bin/../lib/gcc/arm-none-eabi/13.2.1/../../../../arm-none-eabi/lib/thumb/v6-m/nofp/libg.a(libc_a-lock.o)
                0x08006fc4                __retarget_lock_acquire_recursive
 .text.__retarget_lock_release_recursive
                0x08006fc8        0x4 /Applications/ArmGNUToolchain/13.2.Rel1/arm-none-eabi/bin/../lib/gcc/arm-none-eabi/13.2.1/../../../../arm-none-eabi/lib/thumb/v6-m/nofp/libg.a(libc_a-lock.o)
                0x08006fc8                __retarget_lock_release_recursive
 .text.memchr   0x08006fcc       0x74 /Applications/ArmGNUToolchain/13.2.Rel1/arm-none-eabi/bin/../lib/gcc/arm-none-eabi/13.2.1/../../../../arm-none-eabi/lib/thumb/v6-m/nofp/libg.a(libc_a-memchr-stub.o)
                0x08006fcc                memchr
 .text.memcpy   0x08007040       0x8c /Applications/ArmGNUToolchain/13.2.Rel1/arm-none-eabi/bin/../lib/gcc/arm-none-eabi/13.2.1/../../../../arm-none-eabi/lib/thumb/v6-m/nofp/libg.a(libc_a-memcpy-stub.o)
                0x08007040                memcpy
 .text.strlen   0x080070cc       0x5c /Applications/ArmGNUToolchain/13.2.Rel1/arm-none-eabi/bin/../lib/gcc/arm-none-eabi/13.2.1/../../../../arm-none-eabi/lib/thumb/v6-m/nofp/libg.a(libc_a-strlen-stub.o)
                0x080070cc                strlen
 .text._wcrtomb_r
                0x08007128       0x50 /Applications/ArmGNUToolchain/13.2.Rel1/arm-none-eabi/bin/../lib/gcc/arm-none-eabi/13.2.1/../../../../arm-none-eabi/lib/thumb/v6-m/nofp/libg.a(libc_a-wcrtomb.o)
                0x08007128                _wcrtomb_r
 .text._wcsrtombs_r
                0x08007178       0x18 /Applications/ArmGNUToolchain/13.2.Rel1/arm-none-eabi/bin/../lib/gcc/arm-none-eabi/13.2.1/../../../../arm-none-eabi/lib/thumb/v6-m/nofp/libg.a(libc_a-wcsrtombs.o)
                0x08007178                _wcsrtombs_r
 .text.frexp    0x08007190       0x68 /Applications/ArmGNUToolchain/13.2.Rel1/arm-none-eabi/bin/../lib/gcc/arm-none-eabi/13.2.1/../../../../arm-none-eabi/lib/thumb/v6-m/nofp/libg.a(libm_a-s_frexp.o)
                0x08007190                frexp
 .text.startup.register_fini
                0x080071f8       0x18 /Applications/ArmGNUToolchain/13.2.Rel1/arm-none-eabi/bin/../lib/gcc/arm-none-eabi/13.2.1/../../../../arm-none-eabi/lib/thumb/v6-m/nofp/libg.a(libc_a-__call_atexit.o)
 .text.atexit   0x08007210       0x10 /Applications/ArmGNUToolchain/13.2.Rel1/arm-none-eabi/bin/../lib/gcc/arm-none-eabi/13.2.1/../../../../arm-none-eabi/lib/thumb/v6-m/nofp/libg.a(libc_a-atexit.o)
                0x08007210                atexit
 .text.quorem   0x08007220      0x154 /Applications/ArmGNUToolchain/13.2.Rel1/arm-none-eabi/bin/../lib/gcc/arm-none-eabi/13.2.1/../../../../arm-none-eabi/lib/thumb/v6-m/nofp/libg.a(libc_a-dtoa.o)
 .text._dtoa_r  0x08007374      0xfb8 /Applications/ArmGNUToolchain/13.2.Rel1/arm-none-eabi/bin/../lib/gcc/arm-none-eabi/13.2.1/../../../../arm-none-eabi/lib/thumb/v6-m/nofp/libg.a(libc_a-dtoa.o)
                0x08007374                _dtoa_r
 .text._malloc_trim_r
                0x0800832c       0xb4 /Applications/ArmGNUToolchain/13.2.Rel1/arm-none-eabi/bin/../lib/gcc/arm-none-eabi/13.2.1/../../../../arm-none-eabi/lib/thumb/v6-m/nofp/libg.a(libc_a-freer.o)
                0x0800832c                _malloc_trim_r
 .text._free_r  0x080083e0      0x1d4 /Applications/ArmGNUToolchain/13.2.Rel1/arm-none-eabi/bin/../lib/gcc/arm-none-eabi/13.2.1/../../../../arm-none-eabi/lib/thumb/v6-m/nofp/libg.a(libc_a-freer.o)
                0x080083e0                _free_r
 .text.malloc   0x080085b4       0x14 /Applications/ArmGNUToolchain/13.2.Rel1/arm-none-eabi/bin/../lib/gcc/arm-none-eabi/13.2.1/../../../../arm-none-eabi/lib/thumb/v6-m/nofp/libg.a(libc_a-malloc.o)
                0x080085b4                malloc
 .text._malloc_r
                0x080085c8      0x5c4 /Applications/ArmGNUToolchain/13.2.Rel1/arm-none-eabi/bin/../lib/gcc/arm-none-eabi/13.2.1/../../../../arm-none-eabi/lib/thumb/v6-m/nofp/libg.a(libc_a-mallocr.o)
                0x080085c8                _malloc_r
 .text.__ascii_mbtowc
                0x08008b8c       0x2c /Applications/ArmGNUToolchain/13.2.Rel1/arm-none-eabi/bin/../lib/gcc/arm-none-eabi/13.2.1/../../../../arm-none-eabi/lib/thumb/v6-m/nofp/libg.a(libc_a-mbtowc_r.o)
                0x08008b8c                __ascii_mbtowc
 .text.__smakebuf_r
                0x08008bb8       0xe0 /Applications/ArmGNUToolchain/13.2.Rel1/arm-none-eabi/bin/../lib/gcc/arm-none-eabi/13.2.1/../../../../arm-none-eabi/lib/thumb/v6-m/nofp/libg.a(libc_a-makebuf.o)
                0x08008bb8                __smakebuf_r
 .text.__swhatbuf_r
                0x08008c98       0x58 /Applications/ArmGNUToolchain/13.2.Rel1/arm-none-eabi/bin/../lib/gcc/arm-none-eabi/13.2.1/../../../../arm-none-eabi/lib/thumb/v6-m/nofp/libg.a(libc_a-makebuf.o)
                0x08008c98                __swhatbuf_r
 .text._putc_r  0x08008cf0       0x74 /Applications/ArmGNUToolchain/13.2.Rel1/arm-none-eabi/bin/../lib/gcc/arm-none-eabi/13.2.1/../../../../arm-none-eabi/lib/thumb/v6-m/nofp/libg.a(libc_a-putc.o)
                0x08008cf0                _putc_r
 .text.__malloc_lock
                0x08008d64       0x10 /Applications/ArmGNUToolchain/13.2.Rel1/arm-none-eabi/bin/../lib/gcc/arm-none-eabi/13.2.1/../../../../arm-none-eabi/lib/thumb/v6-m/nofp/libg.a(libc_a-mlock.o)
                0x08008d64                __malloc_lock
 .text.__malloc_unlock
                0x08008d74       0x10 /Applications/ArmGNUToolchain/13.2.Rel1/arm-none-eabi/bin/../lib/gcc/arm-none-eabi/13.2.1/../../../../arm-none-eabi/lib/thumb/v6-m/nofp/libg.a(libc_a-mlock.o)
                0x08008d74                __malloc_unlock
 .text._Balloc  0x08008d84       0x50 /Applications/ArmGNUToolchain/13.2.Rel1/arm-none-eabi/bin/../lib/gcc/arm-none-eabi/13.2.1/../../../../arm-none-eabi/lib/thumb/v6-m/nofp/libg.a(libc_a-mprec.o)
                0x08008d84                _Balloc
 .text._Bfree   0x08008dd4       0x14 /Applications/ArmGNUToolchain/13.2.Rel1/arm-none-eabi/bin/../lib/gcc/arm-none-eabi/13.2.1/../../../../arm-none-eabi/lib/thumb/v6-m/nofp/libg.a(libc_a-mprec.o)
                0x08008dd4                _Bfree
 .text.__multadd
                0x08008de8       0xa8 /Applications/ArmGNUToolchain/13.2.Rel1/arm-none-eabi/bin/../lib/gcc/arm-none-eabi/13.2.1/../../../../arm-none-eabi/lib/thumb/v6-m/nofp/libg.a(libc_a-mprec.o)
                0x08008de8                __multadd
 .text.__hi0bits
                0x08008e90       0x4c /Applications/ArmGNUToolchain/13.2.Rel1/arm-none-eabi/bin/../lib/gcc/arm-none-eabi/13.2.1/../../../../arm-none-eabi/lib/thumb/v6-m/nofp/libg.a(libc_a-mprec.o)
                0x08008e90                __hi0bits
 .text.__lo0bits
                0x08008edc       0x5c /Applications/ArmGNUToolchain/13.2.Rel1/arm-none-eabi/bin/../lib/gcc/arm-none-eabi/13.2.1/../../../../arm-none-eabi/lib/thumb/v6-m/nofp/libg.a(libc_a-mprec.o)
                0x08008edc                __lo0bits
 .text.__i2b    0x08008f38       0x60 /Applications/ArmGNUToolchain/13.2.Rel1/arm-none-eabi/bin/../lib/gcc/arm-none-eabi/13.2.1/../../../../arm-none-eabi/lib/thumb/v6-m/nofp/libg.a(libc_a-mprec.o)
                0x08008f38                __i2b
 .text.__multiply
                0x08008f98      0x1ac /Applications/ArmGNUToolchain/13.2.Rel1/arm-none-eabi/bin/../lib/gcc/arm-none-eabi/13.2.1/../../../../arm-none-eabi/lib/thumb/v6-m/nofp/libg.a(libc_a-mprec.o)
                0x08008f98                __multiply
 .text.__pow5mult
                0x08009144       0xd0 /Applications/ArmGNUToolchain/13.2.Rel1/arm-none-eabi/bin/../lib/gcc/arm-none-eabi/13.2.1/../../../../arm-none-eabi/lib/thumb/v6-m/nofp/libg.a(libc_a-mprec.o)
                0x08009144                __pow5mult
 .text.__lshift
                0x08009214       0xfc /Applications/ArmGNUToolchain/13.2.Rel1/arm-none-eabi/bin/../lib/gcc/arm-none-eabi/13.2.1/../../../../arm-none-eabi/lib/thumb/v6-m/nofp/libg.a(libc_a-mprec.o)
                0x08009214                __lshift
 .text.__mcmp   0x08009310       0x3c /Applications/ArmGNUToolchain/13.2.Rel1/arm-none-eabi/bin/../lib/gcc/arm-none-eabi/13.2.1/../../../../arm-none-eabi/lib/thumb/v6-m/nofp/libg.a(libc_a-mprec.o)
                0x08009310                __mcmp
 .text.__mdiff  0x0800934c      0x1b4 /Applications/ArmGNUToolchain/13.2.Rel1/arm-none-eabi/bin/../lib/gcc/arm-none-eabi/13.2.1/../../../../arm-none-eabi/lib/thumb/v6-m/nofp/libg.a(libc_a-mprec.o)
                0x0800934c                __mdiff
 .text.__d2b    0x08009500       0xcc /Applications/ArmGNUToolchain/13.2.Rel1/arm-none-eabi/bin/../lib/gcc/arm-none-eabi/13.2.1/../../../../arm-none-eabi/lib/thumb/v6-m/nofp/libg.a(libc_a-mprec.o)
                0x08009500                __d2b
 .text._fclose_r
                0x080095cc       0xd0 /Applications/ArmGNUToolchain/13.2.Rel1/arm-none-eabi/bin/../lib/gcc/arm-none-eabi/13.2.1/../../../../arm-none-eabi/lib/thumb/v6-m/nofp/libg.a(libc_a-fclose.o)
                0x080095cc                _fclose_r
 .text._realloc_r
                0x0800969c      0x350 /Applications/ArmGNUToolchain/13.2.Rel1/arm-none-eabi/bin/../lib/gcc/arm-none-eabi/13.2.1/../../../../arm-none-eabi/lib/thumb/v6-m/nofp/libg.a(libc_a-reallocr.o)
                0x0800969c                _realloc_r
 .text.__sread  0x080099ec       0x28 /Applications/ArmGNUToolchain/13.2.Rel1/arm-none-eabi/bin/../lib/gcc/arm-none-eabi/13.2.1/../../../../arm-none-eabi/lib/thumb/v6-m/nofp/libg.a(libc_a-stdio.o)
                0x080099ec                __sread
 .text.__swrite
                0x08009a14       0x40 /Applications/ArmGNUToolchain/13.2.Rel1/arm-none-eabi/bin/../lib/gcc/arm-none-eabi/13.2.1/../../../../arm-none-eabi/lib/thumb/v6-m/nofp/libg.a(libc_a-stdio.o)
                0x08009a14                __swrite
 .text.__sseek  0x08009a54       0x30 /Applications/ArmGNUToolchain/13.2.Rel1/arm-none-eabi/bin/../lib/gcc/arm-none-eabi/13.2.1/../../../../arm-none-eabi/lib/thumb/v6-m/nofp/libg.a(libc_a-stdio.o)
                0x08009a54                __sseek
 .text.__sclose
                0x08009a84        0xc /Applications/ArmGNUToolchain/13.2.Rel1/arm-none-eabi/bin/../lib/gcc/arm-none-eabi/13.2.1/../../../../arm-none-eabi/lib/thumb/v6-m/nofp/libg.a(libc_a-stdio.o)
                0x08009a84                __sclose
 .text.__ascii_wctomb
                0x08009a90       0x1c /Applications/ArmGNUToolchain/13.2.Rel1/arm-none-eabi/bin/../lib/gcc/arm-none-eabi/13.2.1/../../../../arm-none-eabi/lib/thumb/v6-m/nofp/libg.a(libc_a-wctomb_r.o)
                0x08009a90                __ascii_wctomb
 .text.__swbuf_r
                0x08009aac       0xc4 /Applications/ArmGNUToolchain/13.2.Rel1/arm-none-eabi/bin/../lib/gcc/arm-none-eabi/13.2.1/../../../../arm-none-eabi/lib/thumb/v6-m/nofp/libg.a(libc_a-wbuf.o)
                0x08009aac                __swbuf_r
 .text._close_r
                0x08009b70       0x24 /Applications/ArmGNUToolchain/13.2.Rel1/arm-none-eabi/bin/../lib/gcc/arm-none-eabi/13.2.1/../../../../arm-none-eabi/lib/thumb/v6-m/nofp/libg.a(libc_a-closer.o)
                0x08009b70                _close_r
 .text._fstat_r
                0x08009b94       0x28 /Applications/ArmGNUToolchain/13.2.Rel1/arm-none-eabi/bin/../lib/gcc/arm-none-eabi/13.2.1/../../../../arm-none-eabi/lib/thumb/v6-m/nofp/libg.a(libc_a-fstatr.o)
                0x08009b94                _fstat_r
 .text._isatty_r
                0x08009bbc       0x24 /Applications/ArmGNUToolchain/13.2.Rel1/arm-none-eabi/bin/../lib/gcc/arm-none-eabi/13.2.1/../../../../arm-none-eabi/lib/thumb/v6-m/nofp/libg.a(libc_a-isattyr.o)
                0x08009bbc                _isatty_r
 .text._lseek_r
                0x08009be0       0x28 /Applications/ArmGNUToolchain/13.2.Rel1/arm-none-eabi/bin/../lib/gcc/arm-none-eabi/13.2.1/../../../../arm-none-eabi/lib/thumb/v6-m/nofp/libg.a(libc_a-lseekr.o)
                0x08009be0                _lseek_r
 .text._read_r  0x08009c08       0x28 /Applications/ArmGNUToolchain/13.2.Rel1/arm-none-eabi/bin/../lib/gcc/arm-none-eabi/13.2.1/../../../../arm-none-eabi/lib/thumb/v6-m/nofp/libg.a(libc_a-readr.o)
                0x08009c08                _read_r
 .text._sbrk_r  0x08009c30       0x24 /Applications/ArmGNUToolchain/13.2.Rel1/arm-none-eabi/bin/../lib/gcc/arm-none-eabi/13.2.1/../../../../arm-none-eabi/lib/thumb/v6-m/nofp/libg.a(libc_a-sbrkr.o)
                0x08009c30                _sbrk_r
 .text._write_r
                0x08009c54       0x28 /Applications/ArmGNUToolchain/13.2.Rel1/arm-none-eabi/bin/../lib/gcc/arm-none-eabi/13.2.1/../../../../arm-none-eabi/lib/thumb/v6-m/nofp/libg.a(libc_a-writer.o)
                0x08009c54                _write_r
 .text.sysconf  0x08009c7c       0x1c /Applications/ArmGNUToolchain/13.2.Rel1/arm-none-eabi/bin/../lib/gcc/arm-none-eabi/13.2.1/../../../../arm-none-eabi/lib/thumb/v6-m/nofp/libg.a(libc_a-sysconf.o)
                0x08009c7c                sysconf
 .text.__libc_fini_array
                0x08009c98       0x28 /Applications/ArmGNUToolchain/13.2.Rel1/arm-none-eabi/bin/../lib/gcc/arm-none-eabi/13.2.1/../../../../arm-none-eabi/lib/thumb/v6-m/nofp/libg.a(libc_a-fini.o)
                0x08009c98                __libc_fini_array
 .text._wcsnrtombs_l
                0x08009cc0      0x114 /Applications/ArmGNUToolchain/13.2.Rel1/arm-none-eabi/bin/../lib/gcc/arm-none-eabi/13.2.1/../../../../arm-none-eabi/lib/thumb/v6-m/nofp/libg.a(libc_a-wcsnrtombs.o)
                0x08009cc0                _wcsnrtombs_l
 .text._wcsnrtombs_r
                0x08009dd4       0x24 /Applications/ArmGNUToolchain/13.2.Rel1/arm-none-eabi/bin/../lib/gcc/arm-none-eabi/13.2.1/../../../../arm-none-eabi/lib/thumb/v6-m/nofp/libg.a(libc_a-wcsnrtombs.o)
                0x08009dd4                _wcsnrtombs_r
 .text.__register_exitproc
                0x08009df8       0xa8 /Applications/ArmGNUToolchain/13.2.Rel1/arm-none-eabi/bin/../lib/gcc/arm-none-eabi/13.2.1/../../../../arm-none-eabi/lib/thumb/v6-m/nofp/libg.a(libc_a-__atexit.o)
                0x08009df8                __register_exitproc
 .text.__assert_func
                0x08009ea0       0x40 /Applications/ArmGNUToolchain/13.2.Rel1/arm-none-eabi/bin/../lib/gcc/arm-none-eabi/13.2.1/../../../../arm-none-eabi/lib/thumb/v6-m/nofp/libg.a(libc_a-assert.o)
                0x08009ea0                __assert_func
 .text._calloc_r
                0x08009ee0       0xa8 /Applications/ArmGNUToolchain/13.2.Rel1/arm-none-eabi/bin/../lib/gcc/arm-none-eabi/13.2.1/../../../../arm-none-eabi/lib/thumb/v6-m/nofp/libg.a(libc_a-callocr.o)
                0x08009ee0                _calloc_r
 .text.fiprintf
                0x08009f88       0x24 /Applications/ArmGNUToolchain/13.2.Rel1/arm-none-eabi/bin/../lib/gcc/arm-none-eabi/13.2.1/../../../../arm-none-eabi/lib/thumb/v6-m/nofp/libg.a(libc_a-fiprintf.o)
                0x08009f88                fiprintf
 .text.abort    0x08009fac       0x10 /Applications/ArmGNUToolchain/13.2.Rel1/arm-none-eabi/bin/../lib/gcc/arm-none-eabi/13.2.1/../../../../arm-none-eabi/lib/thumb/v6-m/nofp/libg.a(libc_a-abort.o)
                0x08009fac                abort
 .text.raise    0x08009fbc       0x5c /Applications/ArmGNUToolchain/13.2.Rel1/arm-none-eabi/bin/../lib/gcc/arm-none-eabi/13.2.1/../../../../arm-none-eabi/lib/thumb/v6-m/nofp/libg.a(libc_a-signal.o)
                0x08009fbc                raise
 .text._kill_r  0x0800a018       0x28 /Applications/ArmGNUToolchain/13.2.Rel1/arm-none-eabi/bin/../lib/gcc/arm-none-eabi/13.2.1/../../../../arm-none-eabi/lib/thumb/v6-m/nofp/libg.a(libc_a-signalr.o)
                0x0800a018                _kill_r
 .text._getpid_r
                0x0800a040        0x8 /Applications/ArmGNUToolchain/13.2.Rel1/arm-none-eabi/bin/../lib/gcc/arm-none-eabi/13.2.1/../../../../arm-none-eabi/lib/thumb/v6-m/nofp/libg.a(libc_a-signalr.o)
                0x0800a040                _getpid_r
 .text.__udivmoddi4
                0x0800a048      0x198 /Applications/ArmGNUToolchain/13.2.Rel1/arm-none-eabi/bin/../lib/gcc/arm-none-eabi/13.2.1/thumb/v6-m/nofp/libgcc.a(_udivmoddi4.o)
                0x0800a048                __udivmoddi4
 .text.__aeabi_dadd
                0x0800a1e0      0x730 /Applications/ArmGNUToolchain/13.2.Rel1/arm-none-eabi/bin/../lib/gcc/arm-none-eabi/13.2.1/thumb/v6-m/nofp/libgcc.a(adddf3.o)
                0x0800a1e0                __aeabi_dadd
 .text.__aeabi_ddiv
                0x0800a910      0x604 /Applications/ArmGNUToolchain/13.2.Rel1/arm-none-eabi/bin/../lib/gcc/arm-none-eabi/13.2.1/thumb/v6-m/nofp/libgcc.a(divdf3.o)
                0x0800a910                __aeabi_ddiv
 .text.__eqdf2  0x0800af14       0x88 /Applications/ArmGNUToolchain/13.2.Rel1/arm-none-eabi/bin/../lib/gcc/arm-none-eabi/13.2.1/thumb/v6-m/nofp/libgcc.a(eqdf2.o)
                0x0800af14                __eqdf2
                0x0800af14                __nedf2
 .text.__gedf2  0x0800af9c       0xe0 /Applications/ArmGNUToolchain/13.2.Rel1/arm-none-eabi/bin/../lib/gcc/arm-none-eabi/13.2.1/thumb/v6-m/nofp/libgcc.a(gedf2.o)
                0x0800af9c                __gtdf2
                0x0800af9c                __gedf2
 .text.__ledf2  0x0800b07c       0xdc /Applications/ArmGNUToolchain/13.2.Rel1/arm-none-eabi/bin/../lib/gcc/arm-none-eabi/13.2.1/thumb/v6-m/nofp/libgcc.a(ledf2.o)
                0x0800b07c                __ltdf2
                0x0800b07c                __ledf2
 .text.__aeabi_dmul
                0x0800b158      0x598 /Applications/ArmGNUToolchain/13.2.Rel1/arm-none-eabi/bin/../lib/gcc/arm-none-eabi/13.2.1/thumb/v6-m/nofp/libgcc.a(muldf3.o)
                0x0800b158                __aeabi_dmul
 .text.__aeabi_dsub
                0x0800b6f0      0x710 /Applications/ArmGNUToolchain/13.2.Rel1/arm-none-eabi/bin/../lib/gcc/arm-none-eabi/13.2.1/thumb/v6-m/nofp/libgcc.a(subdf3.o)
                0x0800b6f0                __aeabi_dsub
 .text.__aeabi_dcmpun
                0x0800be00       0x44 /Applications/ArmGNUToolchain/13.2.Rel1/arm-none-eabi/bin/../lib/gcc/arm-none-eabi/13.2.1/thumb/v6-m/nofp/libgcc.a(unorddf2.o)
                0x0800be00                __aeabi_dcmpun
 .text.__aeabi_d2iz
                0x0800be44       0x78 /Applications/ArmGNUToolchain/13.2.Rel1/arm-none-eabi/bin/../lib/gcc/arm-none-eabi/13.2.1/thumb/v6-m/nofp/libgcc.a(fixdfsi.o)
                0x0800be44                __aeabi_d2iz
 .text.__aeabi_i2d
                0x0800bebc       0x5c /Applications/ArmGNUToolchain/13.2.Rel1/arm-none-eabi/bin/../lib/gcc/arm-none-eabi/13.2.1/thumb/v6-m/nofp/libgcc.a(floatsidf.o)
                0x0800bebc                __aeabi_i2d
 .text.__aeabi_ui2d
                0x0800bf18       0x48 /Applications/ArmGNUToolchain/13.2.Rel1/arm-none-eabi/bin/../lib/gcc/arm-none-eabi/13.2.1/thumb/v6-m/nofp/libgcc.a(floatunsidf.o)
                0x0800bf18                __aeabi_ui2d
 *(.glue_7)
 .glue_7        0x0800bf60        0x0 linker stubs
 *(.glue_7t)
 .glue_7t       0x0800bf60        0x0 linker stubs
 *(.eh_frame)
 .eh_frame      0x0800bf60        0x0 /Applications/ArmGNUToolchain/13.2.Rel1/arm-none-eabi/bin/../lib/gcc/arm-none-eabi/13.2.1/thumb/v6-m/nofp/crtbegin.o
 *(.init)
 .init          0x0800bf60        0x4 /Applications/ArmGNUToolchain/13.2.Rel1/arm-none-eabi/bin/../lib/gcc/arm-none-eabi/13.2.1/thumb/v6-m/nofp/crti.o
                0x0800bf60                _init
 .init          0x0800bf64        0x8 /Applications/ArmGNUToolchain/13.2.Rel1/arm-none-eabi/bin/../lib/gcc/arm-none-eabi/13.2.1/thumb/v6-m/nofp/crtn.o
 *(.fini)
 .fini          0x0800bf6c        0x4 /Applications/ArmGNUToolchain/13.2.Rel1/arm-none-eabi/bin/../lib/gcc/arm-none-eabi/13.2.1/thumb/v6-m/nofp/crti.o
                0x0800bf6c                _fini
 .fini          0x0800bf70        0x8 /Applications/ArmGNUToolchain/13.2.Rel1/arm-none-eabi/bin/../lib/gcc/arm-none-eabi/13.2.1/thumb/v6-m/nofp/crtn.o
                0x0800bf78                        . = ALIGN (0x4)
                0x0800bf78                        _etext = .

.vfp11_veneer   0x0800bf78        0x0
 .vfp11_veneer  0x0800bf78        0x0 linker stubs

.v4_bx          0x0800bf78        0x0
 .v4_bx         0x0800bf78        0x0 linker stubs

.iplt           0x0800bf78        0x0
 .iplt          0x0800bf78        0x0 /Applications/ArmGNUToolchain/13.2.Rel1/arm-none-eabi/bin/../lib/gcc/arm-none-eabi/13.2.1/thumb/v6-m/nofp/crtbegin.o

.rodata         0x0800bf78      0x900
                0x0800bf78                        . = ALIGN (0x4)
 *(.rodata)
 *(.rodata*)
 .rodata.write_i2c_value.str1.4
                0x0800bf78      0x243 CMakeFiles/load_cell_controller.elf.dir/Core/Src/main.c.obj
                                  0x1 (size before relaxing)
 .rodata.main.str1.4
                0x0800c1bb       0x8d CMakeFiles/load_cell_controller.elf.dir/Core/Src/main.c.obj
 *fill*         0x0800c1bb        0x1 
 .rodata.APBPrescTable
                0x0800c1bc       0x20 CMakeFiles/load_cell_controller.elf.dir/Core/Src/system_stm32c0xx.c.obj
                0x0800c1bc                APBPrescTable
 .rodata.AHBPrescTable
                0x0800c1dc       0x40 CMakeFiles/load_cell_controller.elf.dir/Core/Src/system_stm32c0xx.c.obj
                0x0800c1dc                AHBPrescTable
 .rodata.HAL_TIM_PWM_ConfigChannel
                0x0800c21c       0x54 CMakeFiles/load_cell_controller.elf.dir/Drivers/STM32C0xx_HAL_Driver/Src/stm32c0xx_hal_tim.c.obj
 .rodata.UARTPrescTable
                0x0800c270       0x18 CMakeFiles/load_cell_controller.elf.dir/Drivers/STM32C0xx_HAL_Driver/Src/stm32c0xx_hal_uart.c.obj
                0x0800c270                UARTPrescTable
 .rodata._vfprintf_r.str1.4
                0x0800c288       0x42 /Applications/ArmGNUToolchain/13.2.Rel1/arm-none-eabi/bin/../lib/gcc/arm-none-eabi/13.2.1/../../../../arm-none-eabi/lib/thumb/v6-m/nofp/libg.a(libc_a-vfprintf.o)
 .rodata._vfprintf_r
                0x0800c288      0x204 /Applications/ArmGNUToolchain/13.2.Rel1/arm-none-eabi/bin/../lib/gcc/arm-none-eabi/13.2.1/../../../../arm-none-eabi/lib/thumb/v6-m/nofp/libg.a(libc_a-vfprintf.o)
 .rodata.zeroes.0
                0x0800c48c       0x10 /Applications/ArmGNUToolchain/13.2.Rel1/arm-none-eabi/bin/../lib/gcc/arm-none-eabi/13.2.1/../../../../arm-none-eabi/lib/thumb/v6-m/nofp/libg.a(libc_a-vfprintf.o)
 .rodata.blanks.1
                0x0800c49c       0x10 /Applications/ArmGNUToolchain/13.2.Rel1/arm-none-eabi/bin/../lib/gcc/arm-none-eabi/13.2.1/../../../../arm-none-eabi/lib/thumb/v6-m/nofp/libg.a(libc_a-vfprintf.o)
 .rodata._vfiprintf_r.str1.4
                0x0800c4ac       0x2f /Applications/ArmGNUToolchain/13.2.Rel1/arm-none-eabi/bin/../lib/gcc/arm-none-eabi/13.2.1/../../../../arm-none-eabi/lib/thumb/v6-m/nofp/libg.a(libc_a-vfiprintf.o)
 .rodata._vfiprintf_r
                0x0800c4ac      0x16c /Applications/ArmGNUToolchain/13.2.Rel1/arm-none-eabi/bin/../lib/gcc/arm-none-eabi/13.2.1/../../../../arm-none-eabi/lib/thumb/v6-m/nofp/libg.a(libc_a-vfiprintf.o)
 .rodata.zeroes.0
                0x0800c618       0x10 /Applications/ArmGNUToolchain/13.2.Rel1/arm-none-eabi/bin/../lib/gcc/arm-none-eabi/13.2.1/../../../../arm-none-eabi/lib/thumb/v6-m/nofp/libg.a(libc_a-vfiprintf.o)
 .rodata.blanks.1
                0x0800c628       0x10 /Applications/ArmGNUToolchain/13.2.Rel1/arm-none-eabi/bin/../lib/gcc/arm-none-eabi/13.2.1/../../../../arm-none-eabi/lib/thumb/v6-m/nofp/libg.a(libc_a-vfiprintf.o)
 .rodata._puts_r.str1.4
                0x0800c638        0x2 /Applications/ArmGNUToolchain/13.2.Rel1/arm-none-eabi/bin/../lib/gcc/arm-none-eabi/13.2.1/../../../../arm-none-eabi/lib/thumb/v6-m/nofp/libg.a(libc_a-puts.o)
 .rodata.str1.4
                0x0800c638       0x4c /Applications/ArmGNUToolchain/13.2.Rel1/arm-none-eabi/bin/../lib/gcc/arm-none-eabi/13.2.1/../../../../arm-none-eabi/lib/thumb/v6-m/nofp/libg.a(libc_a-locale.o)
 .rodata._ctype_
                0x0800c638      0x101 /Applications/ArmGNUToolchain/13.2.Rel1/arm-none-eabi/bin/../lib/gcc/arm-none-eabi/13.2.1/../../../../arm-none-eabi/lib/thumb/v6-m/nofp/libg.a(libc_a-ctype_.o)
                0x0800c638                _ctype_
 .rodata._dtoa_r.str1.4
                0x0800c739       0x89 /Applications/ArmGNUToolchain/13.2.Rel1/arm-none-eabi/bin/../lib/gcc/arm-none-eabi/13.2.1/../../../../arm-none-eabi/lib/thumb/v6-m/nofp/libg.a(libc_a-dtoa.o)
 .rodata.__multadd.str1.4
                0x0800c739       0x76 /Applications/ArmGNUToolchain/13.2.Rel1/arm-none-eabi/bin/../lib/gcc/arm-none-eabi/13.2.1/../../../../arm-none-eabi/lib/thumb/v6-m/nofp/libg.a(libc_a-mprec.o)
 *fill*         0x0800c739        0x3 
 .rodata.p05.0  0x0800c73c        0xc /Applications/ArmGNUToolchain/13.2.Rel1/arm-none-eabi/bin/../lib/gcc/arm-none-eabi/13.2.1/../../../../arm-none-eabi/lib/thumb/v6-m/nofp/libg.a(libc_a-mprec.o)
 .rodata.__mprec_bigtens
                0x0800c748       0x28 /Applications/ArmGNUToolchain/13.2.Rel1/arm-none-eabi/bin/../lib/gcc/arm-none-eabi/13.2.1/../../../../arm-none-eabi/lib/thumb/v6-m/nofp/libg.a(libc_a-mprec.o)
                0x0800c748                __mprec_bigtens
 .rodata.__mprec_tens
                0x0800c770       0xc8 /Applications/ArmGNUToolchain/13.2.Rel1/arm-none-eabi/bin/../lib/gcc/arm-none-eabi/13.2.1/../../../../arm-none-eabi/lib/thumb/v6-m/nofp/libg.a(libc_a-mprec.o)
                0x0800c770                __mprec_tens
 .rodata.__assert_func.str1.4
                0x0800c838       0x43 /Applications/ArmGNUToolchain/13.2.Rel1/arm-none-eabi/bin/../lib/gcc/arm-none-eabi/13.2.1/../../../../arm-none-eabi/lib/thumb/v6-m/nofp/libg.a(libc_a-assert.o)
 .rodata.__aeabi_ddiv
                0x0800c838       0x40 /Applications/ArmGNUToolchain/13.2.Rel1/arm-none-eabi/bin/../lib/gcc/arm-none-eabi/13.2.1/thumb/v6-m/nofp/libgcc.a(divdf3.o)
                0x0800c87c                        . = ALIGN (0x4)

.ARM.extab      0x0800c878        0x0
                0x0800c878                        . = ALIGN (0x4)
 *(.ARM.extab* .gnu.linkonce.armextab.*)
                0x0800c878                        . = ALIGN (0x4)

.ARM            0x0800c878        0x8
                0x0800c878                        . = ALIGN (0x4)
                0x0800c878                        __exidx_start = .
 *(.ARM.exidx*)
 .ARM.exidx.text.__udivmoddi4
                0x0800c878        0x8 /Applications/ArmGNUToolchain/13.2.Rel1/arm-none-eabi/bin/../lib/gcc/arm-none-eabi/13.2.1/thumb/v6-m/nofp/libgcc.a(_udivmoddi4.o)
                0x0800c880                        __exidx_end = .
                0x0800c880                        . = ALIGN (0x4)

.preinit_array  0x0800c880        0x0
                0x0800c880                        . = ALIGN (0x4)
                0x0800c880                        PROVIDE (__preinit_array_start = .)
 *(.preinit_array*)
                0x0800c880                        PROVIDE (__preinit_array_end = .)
                0x0800c880                        . = ALIGN (0x4)

.init_array     0x0800c880        0x8
                0x0800c880                        . = ALIGN (0x4)
                0x0800c880                        PROVIDE (__init_array_start = .)
 *(SORT_BY_NAME(.init_array.*))
 .init_array.00000
                0x0800c880        0x4 /Applications/ArmGNUToolchain/13.2.Rel1/arm-none-eabi/bin/../lib/gcc/arm-none-eabi/13.2.1/../../../../arm-none-eabi/lib/thumb/v6-m/nofp/libg.a(libc_a-__call_atexit.o)
 *(.init_array*)
 .init_array    0x0800c884        0x4 /Applications/ArmGNUToolchain/13.2.Rel1/arm-none-eabi/bin/../lib/gcc/arm-none-eabi/13.2.1/thumb/v6-m/nofp/crtbegin.o
                0x0800c888                        PROVIDE (__init_array_end = .)
                0x0800c888                        . = ALIGN (0x4)

.fini_array     0x0800c888        0x4
                0x0800c888                        . = ALIGN (0x4)
                0x0800c888                        PROVIDE (__fini_array_start = .)
 *(SORT_BY_NAME(.fini_array.*))
 *(.fini_array*)
 .fini_array    0x0800c888        0x4 /Applications/ArmGNUToolchain/13.2.Rel1/arm-none-eabi/bin/../lib/gcc/arm-none-eabi/13.2.1/thumb/v6-m/nofp/crtbegin.o
                0x0800c88c                        PROVIDE (__fini_array_end = .)
                0x0800c88c                        . = ALIGN (0x4)
                0x0800c88c                        _sidata = LOADADDR (.data)

.rel.dyn        0x0800c88c        0x0
 .rel.iplt      0x0800c88c        0x0 /Applications/ArmGNUToolchain/13.2.Rel1/arm-none-eabi/bin/../lib/gcc/arm-none-eabi/13.2.1/thumb/v6-m/nofp/crtbegin.o

.data           0x20000000      0x6c0 load address 0x0800c88c
                0x20000000                        . = ALIGN (0x4)
                0x20000000                        _sdata = .
 *(.data)
 *(.data*)
 .data.SystemCoreClock
                0x20000000        0x4 CMakeFiles/load_cell_controller.elf.dir/Core/Src/system_stm32c0xx.c.obj
                0x20000000                SystemCoreClock
 .data.uwTickFreq
                0x20000004        0x1 CMakeFiles/load_cell_controller.elf.dir/Drivers/STM32C0xx_HAL_Driver/Src/stm32c0xx_hal.c.obj
                0x20000004                uwTickFreq
 *fill*         0x20000005        0x3 
 .data.uwTickPrio
                0x20000008        0x4 CMakeFiles/load_cell_controller.elf.dir/Drivers/STM32C0xx_HAL_Driver/Src/stm32c0xx_hal.c.obj
                0x20000008                uwTickPrio
 .data.__sglue  0x2000000c        0xc /Applications/ArmGNUToolchain/13.2.Rel1/arm-none-eabi/bin/../lib/gcc/arm-none-eabi/13.2.1/../../../../arm-none-eabi/lib/thumb/v6-m/nofp/libg.a(libc_a-findfp.o)
                0x2000000c                __sglue
 .data.__global_locale
                0x20000018      0x16c /Applications/ArmGNUToolchain/13.2.Rel1/arm-none-eabi/bin/../lib/gcc/arm-none-eabi/13.2.1/../../../../arm-none-eabi/lib/thumb/v6-m/nofp/libg.a(libc_a-locale.o)
                0x20000018                __global_locale
 .data._impure_ptr
                0x20000184        0x4 /Applications/ArmGNUToolchain/13.2.Rel1/arm-none-eabi/bin/../lib/gcc/arm-none-eabi/13.2.1/../../../../arm-none-eabi/lib/thumb/v6-m/nofp/libg.a(libc_a-impure.o)
                0x20000184                _impure_ptr
 .data._impure_data
                0x20000188      0x120 /Applications/ArmGNUToolchain/13.2.Rel1/arm-none-eabi/bin/../lib/gcc/arm-none-eabi/13.2.1/../../../../arm-none-eabi/lib/thumb/v6-m/nofp/libg.a(libc_a-impure.o)
                0x20000188                _impure_data
 .data.__atexit_recursive_mutex
                0x200002a8        0x4 /Applications/ArmGNUToolchain/13.2.Rel1/arm-none-eabi/bin/../lib/gcc/arm-none-eabi/13.2.1/../../../../arm-none-eabi/lib/thumb/v6-m/nofp/libg.a(libc_a-__call_atexit.o)
                0x200002a8                __atexit_recursive_mutex
 .data.__malloc_sbrk_base
                0x200002ac        0x4 /Applications/ArmGNUToolchain/13.2.Rel1/arm-none-eabi/bin/../lib/gcc/arm-none-eabi/13.2.1/../../../../arm-none-eabi/lib/thumb/v6-m/nofp/libg.a(libc_a-mallocr.o)
                0x200002ac                __malloc_sbrk_base
 .data.__malloc_trim_threshold
                0x200002b0        0x4 /Applications/ArmGNUToolchain/13.2.Rel1/arm-none-eabi/bin/../lib/gcc/arm-none-eabi/13.2.1/../../../../arm-none-eabi/lib/thumb/v6-m/nofp/libg.a(libc_a-mallocr.o)
                0x200002b0                __malloc_trim_threshold
 *fill*         0x200002b4        0x4 
 .data.__malloc_av_
                0x200002b8      0x408 /Applications/ArmGNUToolchain/13.2.Rel1/arm-none-eabi/bin/../lib/gcc/arm-none-eabi/13.2.1/../../../../arm-none-eabi/lib/thumb/v6-m/nofp/libg.a(libc_a-mallocr.o)
                0x200002b8                __malloc_av_
 *(.RamFunc)
 *(.RamFunc*)
                0x200006c0                        . = ALIGN (0x4)
                0x200006c0                        _edata = .

.tm_clone_table
                0x200006c0        0x0 load address 0x0800cf4c
 .tm_clone_table
                0x200006c0        0x0 /Applications/ArmGNUToolchain/13.2.Rel1/arm-none-eabi/bin/../lib/gcc/arm-none-eabi/13.2.1/thumb/v6-m/nofp/crtbegin.o
 .tm_clone_table
                0x200006c0        0x0 /Applications/ArmGNUToolchain/13.2.Rel1/arm-none-eabi/bin/../lib/gcc/arm-none-eabi/13.2.1/thumb/v6-m/nofp/crtend.o

.igot.plt       0x200006c0        0x0 load address 0x0800cf4c
 .igot.plt      0x200006c0        0x0 /Applications/ArmGNUToolchain/13.2.Rel1/arm-none-eabi/bin/../lib/gcc/arm-none-eabi/13.2.1/thumb/v6-m/nofp/crtbegin.o
                0x200006c0                        . = ALIGN (0x4)

.bss            0x200006c0      0x4d0 load address 0x0800cf4c
                0x200006c0                        _sbss = .
                0x200006c0                        __bss_start__ = _sbss
 *(.bss)
 *(.bss*)
 .bss.completed.1
                0x200006c0        0x1 /Applications/ArmGNUToolchain/13.2.Rel1/arm-none-eabi/bin/../lib/gcc/arm-none-eabi/13.2.1/thumb/v6-m/nofp/crtbegin.o
 *fill*         0x200006c1        0x3 
 .bss.object.0  0x200006c4       0x18 /Applications/ArmGNUToolchain/13.2.Rel1/arm-none-eabi/bin/../lib/gcc/arm-none-eabi/13.2.1/thumb/v6-m/nofp/crtbegin.o
 .bss.huart2    0x200006dc       0x94 CMakeFiles/load_cell_controller.elf.dir/Core/Src/main.c.obj
                0x200006dc                huart2
 .bss.htim1     0x20000770       0x4c CMakeFiles/load_cell_controller.elf.dir/Core/Src/main.c.obj
                0x20000770                htim1
 .bss.hspi1     0x200007bc       0x64 CMakeFiles/load_cell_controller.elf.dir/Core/Src/main.c.obj
                0x200007bc                hspi1
 .bss.hi2c1     0x20000820       0x54 CMakeFiles/load_cell_controller.elf.dir/Core/Src/main.c.obj
                0x20000820                hi2c1
 .bss.__sbrk_heap_end
                0x20000874        0x4 CMakeFiles/load_cell_controller.elf.dir/Core/Src/sysmem.c.obj
 .bss.uwTick    0x20000878        0x4 CMakeFiles/load_cell_controller.elf.dir/Drivers/STM32C0xx_HAL_Driver/Src/stm32c0xx_hal.c.obj
                0x20000878                uwTick
 .bss.__sf      0x2000087c      0x138 /Applications/ArmGNUToolchain/13.2.Rel1/arm-none-eabi/bin/../lib/gcc/arm-none-eabi/13.2.1/../../../../arm-none-eabi/lib/thumb/v6-m/nofp/libg.a(libc_a-findfp.o)
                0x2000087c                __sf
 .bss.__stdio_exit_handler
                0x200009b4        0x4 /Applications/ArmGNUToolchain/13.2.Rel1/arm-none-eabi/bin/../lib/gcc/arm-none-eabi/13.2.1/../../../../arm-none-eabi/lib/thumb/v6-m/nofp/libg.a(libc_a-findfp.o)
                0x200009b4                __stdio_exit_handler
 .bss.__lock___malloc_recursive_mutex
                0x200009b8        0x1 /Applications/ArmGNUToolchain/13.2.Rel1/arm-none-eabi/bin/../lib/gcc/arm-none-eabi/13.2.1/../../../../arm-none-eabi/lib/thumb/v6-m/nofp/libg.a(libc_a-lock.o)
                0x200009b8                __lock___malloc_recursive_mutex
 *fill*         0x200009b9        0x3 
 .bss.__lock___atexit_recursive_mutex
                0x200009bc        0x1 /Applications/ArmGNUToolchain/13.2.Rel1/arm-none-eabi/bin/../lib/gcc/arm-none-eabi/13.2.1/../../../../arm-none-eabi/lib/thumb/v6-m/nofp/libg.a(libc_a-lock.o)
                0x200009bc                __lock___atexit_recursive_mutex
 *fill*         0x200009bd        0x3 
 .bss.__lock___sfp_recursive_mutex
                0x200009c0        0x1 /Applications/ArmGNUToolchain/13.2.Rel1/arm-none-eabi/bin/../lib/gcc/arm-none-eabi/13.2.1/../../../../arm-none-eabi/lib/thumb/v6-m/nofp/libg.a(libc_a-lock.o)
                0x200009c0                __lock___sfp_recursive_mutex
 *fill*         0x200009c1        0x3 
 .bss.__atexit  0x200009c4        0x4 /Applications/ArmGNUToolchain/13.2.Rel1/arm-none-eabi/bin/../lib/gcc/arm-none-eabi/13.2.1/../../../../arm-none-eabi/lib/thumb/v6-m/nofp/libg.a(libc_a-__call_atexit.o)
                0x200009c4                __atexit
 .bss.__malloc_current_mallinfo
                0x200009c8       0x28 /Applications/ArmGNUToolchain/13.2.Rel1/arm-none-eabi/bin/../lib/gcc/arm-none-eabi/13.2.1/../../../../arm-none-eabi/lib/thumb/v6-m/nofp/libg.a(libc_a-mallocr.o)
                0x200009c8                __malloc_current_mallinfo
 .bss.__malloc_max_total_mem
                0x200009f0        0x4 /Applications/ArmGNUToolchain/13.2.Rel1/arm-none-eabi/bin/../lib/gcc/arm-none-eabi/13.2.1/../../../../arm-none-eabi/lib/thumb/v6-m/nofp/libg.a(libc_a-mallocr.o)
                0x200009f0                __malloc_max_total_mem
 .bss.__malloc_max_sbrked_mem
                0x200009f4        0x4 /Applications/ArmGNUToolchain/13.2.Rel1/arm-none-eabi/bin/../lib/gcc/arm-none-eabi/13.2.1/../../../../arm-none-eabi/lib/thumb/v6-m/nofp/libg.a(libc_a-mallocr.o)
                0x200009f4                __malloc_max_sbrked_mem
 .bss.__malloc_top_pad
                0x200009f8        0x4 /Applications/ArmGNUToolchain/13.2.Rel1/arm-none-eabi/bin/../lib/gcc/arm-none-eabi/13.2.1/../../../../arm-none-eabi/lib/thumb/v6-m/nofp/libg.a(libc_a-mallocr.o)
                0x200009f8                __malloc_top_pad
 .bss.errno     0x200009fc        0x4 /Applications/ArmGNUToolchain/13.2.Rel1/arm-none-eabi/bin/../lib/gcc/arm-none-eabi/13.2.1/../../../../arm-none-eabi/lib/thumb/v6-m/nofp/libg.a(libc_a-reent.o)
                0x200009fc                errno
 .bss.__atexit0
                0x20000a00      0x190 /Applications/ArmGNUToolchain/13.2.Rel1/arm-none-eabi/bin/../lib/gcc/arm-none-eabi/13.2.1/../../../../arm-none-eabi/lib/thumb/v6-m/nofp/libg.a(libc_a-__atexit.o)
                0x20000a00                __atexit0
 *(COMMON)
                0x20000b90                        . = ALIGN (0x4)
                0x20000b90                        _ebss = .
                0x20000b90                        __bss_end__ = _ebss

._user_heap_stack
                0x20000b90      0x600 load address 0x0800cf4c
                0x20000b90                        . = ALIGN (0x8)
                [!provide]                        PROVIDE (end = .)
                0x20000b90                        PROVIDE (_end = .)
                0x20000d90                        . = (. + _Min_Heap_Size)
 *fill*         0x20000b90      0x200 
                0x20001190                        . = (. + _Min_Stack_Size)
 *fill*         0x20000d90      0x400 
                0x20001190                        . = ALIGN (0x8)

/DISCARD/
 libc.a(*)
 libm.a(*)
 libgcc.a(*)

.ARM.attributes
                0x00000000       0x28
 *(.ARM.attributes)
 .ARM.attributes
                0x00000000       0x1e /Applications/ArmGNUToolchain/13.2.Rel1/arm-none-eabi/bin/../lib/gcc/arm-none-eabi/13.2.1/thumb/v6-m/nofp/crti.o
 .ARM.attributes
                0x0000001e       0x2c /Applications/ArmGNUToolchain/13.2.Rel1/arm-none-eabi/bin/../lib/gcc/arm-none-eabi/13.2.1/thumb/v6-m/nofp/crtbegin.o
 .ARM.attributes
                0x0000004a       0x2c CMakeFiles/load_cell_controller.elf.dir/Core/Src/MX25L.c.obj
 .ARM.attributes
                0x00000076       0x2c CMakeFiles/load_cell_controller.elf.dir/Core/Src/main.c.obj
 .ARM.attributes
                0x000000a2       0x2c CMakeFiles/load_cell_controller.elf.dir/Core/Src/stm32c0xx_hal_msp.c.obj
 .ARM.attributes
                0x000000ce       0x2c CMakeFiles/load_cell_controller.elf.dir/Core/Src/stm32c0xx_it.c.obj
 .ARM.attributes
                0x000000fa       0x2c CMakeFiles/load_cell_controller.elf.dir/Core/Src/syscalls.c.obj
 .ARM.attributes
                0x00000126       0x2c CMakeFiles/load_cell_controller.elf.dir/Core/Src/sysmem.c.obj
 .ARM.attributes
                0x00000152       0x2c CMakeFiles/load_cell_controller.elf.dir/Core/Src/system_stm32c0xx.c.obj
 .ARM.attributes
                0x0000017e       0x22 CMakeFiles/load_cell_controller.elf.dir/Core/Startup/startup_stm32c011f6px.s.obj
 .ARM.attributes
                0x000001a0       0x2c CMakeFiles/load_cell_controller.elf.dir/Drivers/STM32C0xx_HAL_Driver/Src/stm32c0xx_hal.c.obj
 .ARM.attributes
                0x000001cc       0x2c CMakeFiles/load_cell_controller.elf.dir/Drivers/STM32C0xx_HAL_Driver/Src/stm32c0xx_hal_cortex.c.obj
 .ARM.attributes
                0x000001f8       0x2c CMakeFiles/load_cell_controller.elf.dir/Drivers/STM32C0xx_HAL_Driver/Src/stm32c0xx_hal_gpio.c.obj
 .ARM.attributes
                0x00000224       0x2c CMakeFiles/load_cell_controller.elf.dir/Drivers/STM32C0xx_HAL_Driver/Src/stm32c0xx_hal_i2c.c.obj
 .ARM.attributes
                0x00000250       0x2c CMakeFiles/load_cell_controller.elf.dir/Drivers/STM32C0xx_HAL_Driver/Src/stm32c0xx_hal_i2c_ex.c.obj
 .ARM.attributes
                0x0000027c       0x2c CMakeFiles/load_cell_controller.elf.dir/Drivers/STM32C0xx_HAL_Driver/Src/stm32c0xx_hal_rcc.c.obj
 .ARM.attributes
                0x000002a8       0x2c CMakeFiles/load_cell_controller.elf.dir/Drivers/STM32C0xx_HAL_Driver/Src/stm32c0xx_hal_rcc_ex.c.obj
 .ARM.attributes
                0x000002d4       0x2c CMakeFiles/load_cell_controller.elf.dir/Drivers/STM32C0xx_HAL_Driver/Src/stm32c0xx_hal_spi.c.obj
 .ARM.attributes
                0x00000300       0x2c CMakeFiles/load_cell_controller.elf.dir/Drivers/STM32C0xx_HAL_Driver/Src/stm32c0xx_hal_tim.c.obj
 .ARM.attributes
                0x0000032c       0x2c CMakeFiles/load_cell_controller.elf.dir/Drivers/STM32C0xx_HAL_Driver/Src/stm32c0xx_hal_tim_ex.c.obj
 .ARM.attributes
                0x00000358       0x2c CMakeFiles/load_cell_controller.elf.dir/Drivers/STM32C0xx_HAL_Driver/Src/stm32c0xx_hal_uart.c.obj
 .ARM.attributes
                0x00000384       0x1e /Applications/ArmGNUToolchain/13.2.Rel1/arm-none-eabi/bin/../lib/gcc/arm-none-eabi/13.2.1/thumb/v6-m/nofp/libgcc.a(_udivsi3.o)
 .ARM.attributes
                0x000003a2       0x1e /Applications/ArmGNUToolchain/13.2.Rel1/arm-none-eabi/bin/../lib/gcc/arm-none-eabi/13.2.1/thumb/v6-m/nofp/libgcc.a(_divsi3.o)
 .ARM.attributes
                0x000003c0       0x1e /Applications/ArmGNUToolchain/13.2.Rel1/arm-none-eabi/bin/../lib/gcc/arm-none-eabi/13.2.1/thumb/v6-m/nofp/libgcc.a(_dvmd_tls.o)
 .ARM.attributes
                0x000003de       0x2c /Applications/ArmGNUToolchain/13.2.Rel1/arm-none-eabi/bin/../lib/gcc/arm-none-eabi/13.2.1/../../../../arm-none-eabi/lib/thumb/v6-m/nofp/libg.a(libc_a-printf.o)
 .ARM.attributes
                0x0000040a       0x2c /Applications/ArmGNUToolchain/13.2.Rel1/arm-none-eabi/bin/../lib/gcc/arm-none-eabi/13.2.1/../../../../arm-none-eabi/lib/thumb/v6-m/nofp/libg.a(libc_a-vfprintf.o)
 .ARM.attributes
                0x00000436       0x2c /Applications/ArmGNUToolchain/13.2.Rel1/arm-none-eabi/bin/../lib/gcc/arm-none-eabi/13.2.1/../../../../arm-none-eabi/lib/thumb/v6-m/nofp/libg.a(libc_a-vfiprintf.o)
 .ARM.attributes
                0x00000462       0x2c /Applications/ArmGNUToolchain/13.2.Rel1/arm-none-eabi/bin/../lib/gcc/arm-none-eabi/13.2.1/../../../../arm-none-eabi/lib/thumb/v6-m/nofp/libg.a(libc_a-putchar.o)
 .ARM.attributes
                0x0000048e       0x2c /Applications/ArmGNUToolchain/13.2.Rel1/arm-none-eabi/bin/../lib/gcc/arm-none-eabi/13.2.1/../../../../arm-none-eabi/lib/thumb/v6-m/nofp/libg.a(libc_a-puts.o)
 .ARM.attributes
                0x000004ba       0x2c /Applications/ArmGNUToolchain/13.2.Rel1/arm-none-eabi/bin/../lib/gcc/arm-none-eabi/13.2.1/../../../../arm-none-eabi/lib/thumb/v6-m/nofp/libg.a(libc_a-setbuf.o)
 .ARM.attributes
                0x000004e6       0x2c /Applications/ArmGNUToolchain/13.2.Rel1/arm-none-eabi/bin/../lib/gcc/arm-none-eabi/13.2.1/../../../../arm-none-eabi/lib/thumb/v6-m/nofp/libg.a(libc_a-setvbuf.o)
 .ARM.attributes
                0x00000512       0x2c /Applications/ArmGNUToolchain/13.2.Rel1/arm-none-eabi/bin/../lib/gcc/arm-none-eabi/13.2.1/../../../../arm-none-eabi/lib/thumb/v6-m/nofp/libg.a(libc_a-fflush.o)
 .ARM.attributes
                0x0000053e       0x2c /Applications/ArmGNUToolchain/13.2.Rel1/arm-none-eabi/bin/../lib/gcc/arm-none-eabi/13.2.1/../../../../arm-none-eabi/lib/thumb/v6-m/nofp/libg.a(libc_a-findfp.o)
 .ARM.attributes
                0x0000056a       0x2c /Applications/ArmGNUToolchain/13.2.Rel1/arm-none-eabi/bin/../lib/gcc/arm-none-eabi/13.2.1/../../../../arm-none-eabi/lib/thumb/v6-m/nofp/libg.a(libc_a-fvwrite.o)
 .ARM.attributes
                0x00000596       0x2c /Applications/ArmGNUToolchain/13.2.Rel1/arm-none-eabi/bin/../lib/gcc/arm-none-eabi/13.2.1/../../../../arm-none-eabi/lib/thumb/v6-m/nofp/libg.a(libc_a-fwalk.o)
 .ARM.attributes
                0x000005c2       0x2c /Applications/ArmGNUToolchain/13.2.Rel1/arm-none-eabi/bin/../lib/gcc/arm-none-eabi/13.2.1/../../../../arm-none-eabi/lib/thumb/v6-m/nofp/libg.a(libc_a-wsetup.o)
 .ARM.attributes
                0x000005ee       0x2c /Applications/ArmGNUToolchain/13.2.Rel1/arm-none-eabi/bin/../lib/gcc/arm-none-eabi/13.2.1/../../../../arm-none-eabi/lib/thumb/v6-m/nofp/libg.a(libc_a-fputwc.o)
 .ARM.attributes
                0x0000061a       0x2c /Applications/ArmGNUToolchain/13.2.Rel1/arm-none-eabi/bin/../lib/gcc/arm-none-eabi/13.2.1/../../../../arm-none-eabi/lib/thumb/v6-m/nofp/libg.a(libc_a-memmove.o)
 .ARM.attributes
                0x00000646       0x2c /Applications/ArmGNUToolchain/13.2.Rel1/arm-none-eabi/bin/../lib/gcc/arm-none-eabi/13.2.1/../../../../arm-none-eabi/lib/thumb/v6-m/nofp/libg.a(libc_a-memset.o)
 .ARM.attributes
                0x00000672       0x2c /Applications/ArmGNUToolchain/13.2.Rel1/arm-none-eabi/bin/../lib/gcc/arm-none-eabi/13.2.1/../../../../arm-none-eabi/lib/thumb/v6-m/nofp/libg.a(libc_a-strncpy.o)
 .ARM.attributes
                0x0000069e       0x2c /Applications/ArmGNUToolchain/13.2.Rel1/arm-none-eabi/bin/../lib/gcc/arm-none-eabi/13.2.1/../../../../arm-none-eabi/lib/thumb/v6-m/nofp/libg.a(libc_a-locale.o)
 .ARM.attributes
                0x000006ca       0x2c /Applications/ArmGNUToolchain/13.2.Rel1/arm-none-eabi/bin/../lib/gcc/arm-none-eabi/13.2.1/../../../../arm-none-eabi/lib/thumb/v6-m/nofp/libg.a(libc_a-localeconv.o)
 .ARM.attributes
                0x000006f6       0x2c /Applications/ArmGNUToolchain/13.2.Rel1/arm-none-eabi/bin/../lib/gcc/arm-none-eabi/13.2.1/../../../../arm-none-eabi/lib/thumb/v6-m/nofp/libg.a(libc_a-impure.o)
 .ARM.attributes
                0x00000722       0x2c /Applications/ArmGNUToolchain/13.2.Rel1/arm-none-eabi/bin/../lib/gcc/arm-none-eabi/13.2.1/../../../../arm-none-eabi/lib/thumb/v6-m/nofp/libg.a(libc_a-errno.o)
 .ARM.attributes
                0x0000074e       0x2c /Applications/ArmGNUToolchain/13.2.Rel1/arm-none-eabi/bin/../lib/gcc/arm-none-eabi/13.2.1/../../../../arm-none-eabi/lib/thumb/v6-m/nofp/libg.a(libc_a-init.o)
 .ARM.attributes
                0x0000077a       0x2c /Applications/ArmGNUToolchain/13.2.Rel1/arm-none-eabi/bin/../lib/gcc/arm-none-eabi/13.2.1/../../../../arm-none-eabi/lib/thumb/v6-m/nofp/libg.a(libc_a-lock.o)
 .ARM.attributes
                0x000007a6       0x2c /Applications/ArmGNUToolchain/13.2.Rel1/arm-none-eabi/bin/../lib/gcc/arm-none-eabi/13.2.1/../../../../arm-none-eabi/lib/thumb/v6-m/nofp/libg.a(libc_a-memchr-stub.o)
 .ARM.attributes
                0x000007d2       0x2c /Applications/ArmGNUToolchain/13.2.Rel1/arm-none-eabi/bin/../lib/gcc/arm-none-eabi/13.2.1/../../../../arm-none-eabi/lib/thumb/v6-m/nofp/libg.a(libc_a-memcpy-stub.o)
 .ARM.attributes
                0x000007fe       0x2c /Applications/ArmGNUToolchain/13.2.Rel1/arm-none-eabi/bin/../lib/gcc/arm-none-eabi/13.2.1/../../../../arm-none-eabi/lib/thumb/v6-m/nofp/libg.a(libc_a-strlen-stub.o)
 .ARM.attributes
                0x0000082a       0x2c /Applications/ArmGNUToolchain/13.2.Rel1/arm-none-eabi/bin/../lib/gcc/arm-none-eabi/13.2.1/../../../../arm-none-eabi/lib/thumb/v6-m/nofp/libg.a(libc_a-wcrtomb.o)
 .ARM.attributes
                0x00000856       0x2c /Applications/ArmGNUToolchain/13.2.Rel1/arm-none-eabi/bin/../lib/gcc/arm-none-eabi/13.2.1/../../../../arm-none-eabi/lib/thumb/v6-m/nofp/libg.a(libc_a-wcsrtombs.o)
 .ARM.attributes
                0x00000882       0x2c /Applications/ArmGNUToolchain/13.2.Rel1/arm-none-eabi/bin/../lib/gcc/arm-none-eabi/13.2.1/../../../../arm-none-eabi/lib/thumb/v6-m/nofp/libg.a(libc_a-ctype_.o)
 .ARM.attributes
                0x000008ae       0x2c /Applications/ArmGNUToolchain/13.2.Rel1/arm-none-eabi/bin/../lib/gcc/arm-none-eabi/13.2.1/../../../../arm-none-eabi/lib/thumb/v6-m/nofp/libg.a(libm_a-s_frexp.o)
 .ARM.attributes
                0x000008da       0x2c /Applications/ArmGNUToolchain/13.2.Rel1/arm-none-eabi/bin/../lib/gcc/arm-none-eabi/13.2.1/../../../../arm-none-eabi/lib/thumb/v6-m/nofp/libg.a(libc_a-__call_atexit.o)
 .ARM.attributes
                0x00000906       0x2c /Applications/ArmGNUToolchain/13.2.Rel1/arm-none-eabi/bin/../lib/gcc/arm-none-eabi/13.2.1/../../../../arm-none-eabi/lib/thumb/v6-m/nofp/libg.a(libc_a-atexit.o)
 .ARM.attributes
                0x00000932       0x2c /Applications/ArmGNUToolchain/13.2.Rel1/arm-none-eabi/bin/../lib/gcc/arm-none-eabi/13.2.1/../../../../arm-none-eabi/lib/thumb/v6-m/nofp/libg.a(libc_a-dtoa.o)
 .ARM.attributes
                0x0000095e       0x2c /Applications/ArmGNUToolchain/13.2.Rel1/arm-none-eabi/bin/../lib/gcc/arm-none-eabi/13.2.1/../../../../arm-none-eabi/lib/thumb/v6-m/nofp/libg.a(libc_a-freer.o)
 .ARM.attributes
                0x0000098a       0x2c /Applications/ArmGNUToolchain/13.2.Rel1/arm-none-eabi/bin/../lib/gcc/arm-none-eabi/13.2.1/../../../../arm-none-eabi/lib/thumb/v6-m/nofp/libg.a(libc_a-malloc.o)
 .ARM.attributes
                0x000009b6       0x2c /Applications/ArmGNUToolchain/13.2.Rel1/arm-none-eabi/bin/../lib/gcc/arm-none-eabi/13.2.1/../../../../arm-none-eabi/lib/thumb/v6-m/nofp/libg.a(libc_a-mallocr.o)
 .ARM.attributes
                0x000009e2       0x2c /Applications/ArmGNUToolchain/13.2.Rel1/arm-none-eabi/bin/../lib/gcc/arm-none-eabi/13.2.1/../../../../arm-none-eabi/lib/thumb/v6-m/nofp/libg.a(libc_a-mbtowc_r.o)
 .ARM.attributes
                0x00000a0e       0x2c /Applications/ArmGNUToolchain/13.2.Rel1/arm-none-eabi/bin/../lib/gcc/arm-none-eabi/13.2.1/../../../../arm-none-eabi/lib/thumb/v6-m/nofp/libg.a(libc_a-makebuf.o)
 .ARM.attributes
                0x00000a3a       0x2c /Applications/ArmGNUToolchain/13.2.Rel1/arm-none-eabi/bin/../lib/gcc/arm-none-eabi/13.2.1/../../../../arm-none-eabi/lib/thumb/v6-m/nofp/libg.a(libc_a-putc.o)
 .ARM.attributes
                0x00000a66       0x2c /Applications/ArmGNUToolchain/13.2.Rel1/arm-none-eabi/bin/../lib/gcc/arm-none-eabi/13.2.1/../../../../arm-none-eabi/lib/thumb/v6-m/nofp/libg.a(libc_a-mlock.o)
 .ARM.attributes
                0x00000a92       0x2c /Applications/ArmGNUToolchain/13.2.Rel1/arm-none-eabi/bin/../lib/gcc/arm-none-eabi/13.2.1/../../../../arm-none-eabi/lib/thumb/v6-m/nofp/libg.a(libc_a-mprec.o)
 .ARM.attributes
                0x00000abe       0x2c /Applications/ArmGNUToolchain/13.2.Rel1/arm-none-eabi/bin/../lib/gcc/arm-none-eabi/13.2.1/../../../../arm-none-eabi/lib/thumb/v6-m/nofp/libg.a(libc_a-fclose.o)
 .ARM.attributes
                0x00000aea       0x2c /Applications/ArmGNUToolchain/13.2.Rel1/arm-none-eabi/bin/../lib/gcc/arm-none-eabi/13.2.1/../../../../arm-none-eabi/lib/thumb/v6-m/nofp/libg.a(libc_a-reallocr.o)
 .ARM.attributes
                0x00000b16       0x2c /Applications/ArmGNUToolchain/13.2.Rel1/arm-none-eabi/bin/../lib/gcc/arm-none-eabi/13.2.1/../../../../arm-none-eabi/lib/thumb/v6-m/nofp/libg.a(libc_a-stdio.o)
 .ARM.attributes
                0x00000b42       0x2c /Applications/ArmGNUToolchain/13.2.Rel1/arm-none-eabi/bin/../lib/gcc/arm-none-eabi/13.2.1/../../../../arm-none-eabi/lib/thumb/v6-m/nofp/libg.a(libc_a-wctomb_r.o)
 .ARM.attributes
                0x00000b6e       0x2c /Applications/ArmGNUToolchain/13.2.Rel1/arm-none-eabi/bin/../lib/gcc/arm-none-eabi/13.2.1/../../../../arm-none-eabi/lib/thumb/v6-m/nofp/libg.a(libc_a-wbuf.o)
 .ARM.attributes
                0x00000b9a       0x2c /Applications/ArmGNUToolchain/13.2.Rel1/arm-none-eabi/bin/../lib/gcc/arm-none-eabi/13.2.1/../../../../arm-none-eabi/lib/thumb/v6-m/nofp/libg.a(libc_a-closer.o)
 .ARM.attributes
                0x00000bc6       0x2c /Applications/ArmGNUToolchain/13.2.Rel1/arm-none-eabi/bin/../lib/gcc/arm-none-eabi/13.2.1/../../../../arm-none-eabi/lib/thumb/v6-m/nofp/libg.a(libc_a-reent.o)
 .ARM.attributes
                0x00000bf2       0x2c /Applications/ArmGNUToolchain/13.2.Rel1/arm-none-eabi/bin/../lib/gcc/arm-none-eabi/13.2.1/../../../../arm-none-eabi/lib/thumb/v6-m/nofp/libg.a(libc_a-fstatr.o)
 .ARM.attributes
                0x00000c1e       0x2c /Applications/ArmGNUToolchain/13.2.Rel1/arm-none-eabi/bin/../lib/gcc/arm-none-eabi/13.2.1/../../../../arm-none-eabi/lib/thumb/v6-m/nofp/libg.a(libc_a-isattyr.o)
 .ARM.attributes
                0x00000c4a       0x2c /Applications/ArmGNUToolchain/13.2.Rel1/arm-none-eabi/bin/../lib/gcc/arm-none-eabi/13.2.1/../../../../arm-none-eabi/lib/thumb/v6-m/nofp/libg.a(libc_a-lseekr.o)
 .ARM.attributes
                0x00000c76       0x2c /Applications/ArmGNUToolchain/13.2.Rel1/arm-none-eabi/bin/../lib/gcc/arm-none-eabi/13.2.1/../../../../arm-none-eabi/lib/thumb/v6-m/nofp/libg.a(libc_a-readr.o)
 .ARM.attributes
                0x00000ca2       0x2c /Applications/ArmGNUToolchain/13.2.Rel1/arm-none-eabi/bin/../lib/gcc/arm-none-eabi/13.2.1/../../../../arm-none-eabi/lib/thumb/v6-m/nofp/libg.a(libc_a-sbrkr.o)
 .ARM.attributes
                0x00000cce       0x2c /Applications/ArmGNUToolchain/13.2.Rel1/arm-none-eabi/bin/../lib/gcc/arm-none-eabi/13.2.1/../../../../arm-none-eabi/lib/thumb/v6-m/nofp/libg.a(libc_a-writer.o)
 .ARM.attributes
                0x00000cfa       0x2c /Applications/ArmGNUToolchain/13.2.Rel1/arm-none-eabi/bin/../lib/gcc/arm-none-eabi/13.2.1/../../../../arm-none-eabi/lib/thumb/v6-m/nofp/libg.a(libc_a-sysconf.o)
 .ARM.attributes
                0x00000d26       0x2c /Applications/ArmGNUToolchain/13.2.Rel1/arm-none-eabi/bin/../lib/gcc/arm-none-eabi/13.2.1/../../../../arm-none-eabi/lib/thumb/v6-m/nofp/libg.a(libc_a-fini.o)
 .ARM.attributes
                0x00000d52       0x2c /Applications/ArmGNUToolchain/13.2.Rel1/arm-none-eabi/bin/../lib/gcc/arm-none-eabi/13.2.1/../../../../arm-none-eabi/lib/thumb/v6-m/nofp/libg.a(libc_a-wcsnrtombs.o)
 .ARM.attributes
                0x00000d7e       0x2c /Applications/ArmGNUToolchain/13.2.Rel1/arm-none-eabi/bin/../lib/gcc/arm-none-eabi/13.2.1/../../../../arm-none-eabi/lib/thumb/v6-m/nofp/libg.a(libc_a-__atexit.o)
 .ARM.attributes
                0x00000daa       0x2c /Applications/ArmGNUToolchain/13.2.Rel1/arm-none-eabi/bin/../lib/gcc/arm-none-eabi/13.2.1/../../../../arm-none-eabi/lib/thumb/v6-m/nofp/libg.a(libc_a-assert.o)
 .ARM.attributes
                0x00000dd6       0x2c /Applications/ArmGNUToolchain/13.2.Rel1/arm-none-eabi/bin/../lib/gcc/arm-none-eabi/13.2.1/../../../../arm-none-eabi/lib/thumb/v6-m/nofp/libg.a(libc_a-callocr.o)
 .ARM.attributes
                0x00000e02       0x2c /Applications/ArmGNUToolchain/13.2.Rel1/arm-none-eabi/bin/../lib/gcc/arm-none-eabi/13.2.1/../../../../arm-none-eabi/lib/thumb/v6-m/nofp/libg.a(libc_a-fiprintf.o)
 .ARM.attributes
                0x00000e2e       0x2c /Applications/ArmGNUToolchain/13.2.Rel1/arm-none-eabi/bin/../lib/gcc/arm-none-eabi/13.2.1/../../../../arm-none-eabi/lib/thumb/v6-m/nofp/libg.a(libc_a-abort.o)
 .ARM.attributes
                0x00000e5a       0x2c /Applications/ArmGNUToolchain/13.2.Rel1/arm-none-eabi/bin/../lib/gcc/arm-none-eabi/13.2.1/../../../../arm-none-eabi/lib/thumb/v6-m/nofp/libg.a(libc_a-signal.o)
 .ARM.attributes
                0x00000e86       0x2c /Applications/ArmGNUToolchain/13.2.Rel1/arm-none-eabi/bin/../lib/gcc/arm-none-eabi/13.2.1/../../../../arm-none-eabi/lib/thumb/v6-m/nofp/libg.a(libc_a-signalr.o)
 .ARM.attributes
                0x00000eb2       0x1e /Applications/ArmGNUToolchain/13.2.Rel1/arm-none-eabi/bin/../lib/gcc/arm-none-eabi/13.2.1/thumb/v6-m/nofp/libgcc.a(_arm_cmpdf2.o)
 .ARM.attributes
                0x00000ed0       0x1e /Applications/ArmGNUToolchain/13.2.Rel1/arm-none-eabi/bin/../lib/gcc/arm-none-eabi/13.2.1/thumb/v6-m/nofp/libgcc.a(_aeabi_uldivmod.o)
 .ARM.attributes
                0x00000eee       0x2c /Applications/ArmGNUToolchain/13.2.Rel1/arm-none-eabi/bin/../lib/gcc/arm-none-eabi/13.2.1/thumb/v6-m/nofp/libgcc.a(_udivmoddi4.o)
 .ARM.attributes
                0x00000f1a       0x2c /Applications/ArmGNUToolchain/13.2.Rel1/arm-none-eabi/bin/../lib/gcc/arm-none-eabi/13.2.1/thumb/v6-m/nofp/libgcc.a(adddf3.o)
 .ARM.attributes
                0x00000f46       0x2c /Applications/ArmGNUToolchain/13.2.Rel1/arm-none-eabi/bin/../lib/gcc/arm-none-eabi/13.2.1/thumb/v6-m/nofp/libgcc.a(divdf3.o)
 .ARM.attributes
                0x00000f72       0x2c /Applications/ArmGNUToolchain/13.2.Rel1/arm-none-eabi/bin/../lib/gcc/arm-none-eabi/13.2.1/thumb/v6-m/nofp/libgcc.a(eqdf2.o)
 .ARM.attributes
                0x00000f9e       0x2c /Applications/ArmGNUToolchain/13.2.Rel1/arm-none-eabi/bin/../lib/gcc/arm-none-eabi/13.2.1/thumb/v6-m/nofp/libgcc.a(gedf2.o)
 .ARM.attributes
                0x00000fca       0x2c /Applications/ArmGNUToolchain/13.2.Rel1/arm-none-eabi/bin/../lib/gcc/arm-none-eabi/13.2.1/thumb/v6-m/nofp/libgcc.a(ledf2.o)
 .ARM.attributes
                0x00000ff6       0x2c /Applications/ArmGNUToolchain/13.2.Rel1/arm-none-eabi/bin/../lib/gcc/arm-none-eabi/13.2.1/thumb/v6-m/nofp/libgcc.a(muldf3.o)
 .ARM.attributes
                0x00001022       0x2c /Applications/ArmGNUToolchain/13.2.Rel1/arm-none-eabi/bin/../lib/gcc/arm-none-eabi/13.2.1/thumb/v6-m/nofp/libgcc.a(subdf3.o)
 .ARM.attributes
                0x0000104e       0x2c /Applications/ArmGNUToolchain/13.2.Rel1/arm-none-eabi/bin/../lib/gcc/arm-none-eabi/13.2.1/thumb/v6-m/nofp/libgcc.a(unorddf2.o)
 .ARM.attributes
                0x0000107a       0x2c /Applications/ArmGNUToolchain/13.2.Rel1/arm-none-eabi/bin/../lib/gcc/arm-none-eabi/13.2.1/thumb/v6-m/nofp/libgcc.a(fixdfsi.o)
 .ARM.attributes
                0x000010a6       0x2c /Applications/ArmGNUToolchain/13.2.Rel1/arm-none-eabi/bin/../lib/gcc/arm-none-eabi/13.2.1/thumb/v6-m/nofp/libgcc.a(floatsidf.o)
 .ARM.attributes
                0x000010d2       0x2c /Applications/ArmGNUToolchain/13.2.Rel1/arm-none-eabi/bin/../lib/gcc/arm-none-eabi/13.2.1/thumb/v6-m/nofp/libgcc.a(floatunsidf.o)
 .ARM.attributes
                0x000010fe       0x1e /Applications/ArmGNUToolchain/13.2.Rel1/arm-none-eabi/bin/../lib/gcc/arm-none-eabi/13.2.1/thumb/v6-m/nofp/libgcc.a(_clzsi2.o)
 .ARM.attributes
                0x0000111c       0x1e /Applications/ArmGNUToolchain/13.2.Rel1/arm-none-eabi/bin/../lib/gcc/arm-none-eabi/13.2.1/thumb/v6-m/nofp/libgcc.a(_clzdi2.o)
 .ARM.attributes
                0x0000113a       0x2c /Applications/ArmGNUToolchain/13.2.Rel1/arm-none-eabi/bin/../lib/gcc/arm-none-eabi/13.2.1/thumb/v6-m/nofp/crtend.o
 .ARM.attributes
                0x00001166       0x1e /Applications/ArmGNUToolchain/13.2.Rel1/arm-none-eabi/bin/../lib/gcc/arm-none-eabi/13.2.1/thumb/v6-m/nofp/crtn.o
OUTPUT(load_cell_controller.elf elf32-littlearm)
LOAD linker stubs
LOAD /Applications/ArmGNUToolchain/13.2.Rel1/arm-none-eabi/bin/../lib/gcc/arm-none-eabi/13.2.1/../../../../arm-none-eabi/lib/thumb/v6-m/nofp/libc.a
LOAD /Applications/ArmGNUToolchain/13.2.Rel1/arm-none-eabi/bin/../lib/gcc/arm-none-eabi/13.2.1/../../../../arm-none-eabi/lib/thumb/v6-m/nofp/libm.a
LOAD /Applications/ArmGNUToolchain/13.2.Rel1/arm-none-eabi/bin/../lib/gcc/arm-none-eabi/13.2.1/thumb/v6-m/nofp/libgcc.a

.debug_info     0x00000000    0x1b37d
 .debug_info    0x00000000     0x109c CMakeFiles/load_cell_controller.elf.dir/Core/Src/MX25L.c.obj
 .debug_info    0x0000109c     0x2747 CMakeFiles/load_cell_controller.elf.dir/Core/Src/main.c.obj
 .debug_info    0x000037e3     0x1832 CMakeFiles/load_cell_controller.elf.dir/Core/Src/stm32c0xx_hal_msp.c.obj
 .debug_info    0x00005015       0xdd CMakeFiles/load_cell_controller.elf.dir/Core/Src/stm32c0xx_it.c.obj